UART0:

[INFO] arch_init done
                     PROGRESS CODE: V02010004 I0
[INFO] exit_boot_services done[INFO] ok, ready to jump to hvisor entry...
                                                                         Hello, HVISOR!
Heap allocator initialization finished: 0x90000001000d5708..0x90000001001d5708
heap_test passed!
Booting CPU 0: 0x90000001001d6000 arch:0x90000001001d6020, DTB: 0xfe430018
Hello, HVISOR!
Hello, HVISOR!
Booting CPU 1: 0x9000000100256000 arch:0x9000000100256020, DTB: 0x9000000000000000
Hello, HVISOR!
Booting CPU 2: 0x90000001002d6000 arch:0x90000001002d6020, DTB: 0x9000000000000000
Booting CPU 3: 0x9000000100356000 arch:0x9000000100356020, DTB: 0x9000000000000000
Secondary CPU 1 has entered.
Primary CPU 0 has entered.
Secondary CPU 2 has entered.
Secondary CPU 3 has entered.
[INFO  0] (hvisor:117) Logging is enabled.
[INFO  0] (hvisor:118) __core_end = 0x90000001001d6000
[INFO  0] (hvisor:121) Hypervisor initialization in progress...
[INFO  0] (hvisor:122) build_mode: debug, log_level: info, arch: loongarch64, stats: off
[INFO  0] (hvisor::memory::frame:282) Frame allocator initialization finished: 0x90000001003d6000..0x90000001013d6000
[INFO  0] (hvisor::memory::frame:302) frame_allocator_test passed!
[INFO  0] (hvisor::device::irqchip::ls7a2000:39) loongarch64: irqchip: primary_init_early: checking iochip configs
[INFO  0] (hvisor::device::irqchip::ls7a2000::chip:565) loongarch64: print_chip_info: chip config version: 0x14
[INFO  0] (hvisor::device::irqchip::ls7a2000::chip:569) loongarch64: print_chip_info: chip feature extioi support: true
[INFO  0] (hvisor::device::irqchip::ls7a2000::chip:573) loongarch64: print_chip_info: manufacturer name: Loongson
[INFO  0] (hvisor::device::irqchip::ls7a2000::chip:577) loongarch64: print_chip_info: chip name: 3A6000-L
[INFO  0] (hvisor::device::irqchip::ls7a2000:44) loongarch64: irqchip: testing percore IPI feature
[INFO  0] (hvisor::device::irqchip::ls7a2000:46) loongarch64: irqchip: percore IPI feature: true
[INFO  0] (hvisor::memory::mm:112) region.start: 0x200000
[INFO  0] (hvisor::memory::mm:112) region.start: 0x90000000
[INFO  0] (hvisor::memory::mm:112) region.start: 0xF0000000
[INFO  0] (hvisor::memory::mm:112) region.start: 0xC0000000
[INFO  0] (hvisor::memory::mm:112) region.start: 0x1FE00000
[INFO  0] (hvisor::memory::mm:112) region.start: 0x10080000
[INFO  0] (hvisor::memory::mm:112) region.start: 0x100D0000
[INFO  0] (hvisor::memory::mm:112) region.start: 0x10000000
[INFO  0] (hvisor::memory::mm:112) region.start: 0xFE00000000
[INFO  0] (hvisor::memory::mm:112) region.start: 0x18408000
[INFO  0] (hvisor::memory::mm:112) region.start: 0x60000000
[INFO  0] (hvisor::memory::mm:112) region.start: 0x10010000
[INFO  0] (hvisor::memory::mm:112) region.start: 0x0
[INFO  0] (hvisor::memory::mm:112) region.start: 0xF0000
[INFO  0] (hvisor::arch::loongarch64::zone:92) loongarch64: pt_init: add mmio handler for 0x1fe0_xxxx mmio region
[INFO  0] (hvisor::zone:222) zone cpu_set: 0b1
[WARN  1] (hvisor:154) zone is not created for cpu 1
[INFO  0] (hvisor:159) CPU 0 hv_pt_install OK.
[WARN  2] (hvisor:154) zone is not created for cpu 2
[INFO  1] (hvisor:159) CPU 1 hv_pt_install OK.
[INFO  0] (hvisor::device::irqchip::ls7a2000:63) loongarch64: irqchip: percpu_init: running percpu_init
[INFO  1] (hvisor::device::irqchip::ls7a2000:63) loongarch64: irqchip: percpu_init: running percpu_init
[INFO  0] (hvisor::arch::loongarch64::ipi:299) ecfg ipi enabled on cpu 0, current lie: TIMER | IPI
[INFO  1] (hvisor::arch::loongarch64::ipi:299) ecfg ipi enabled on cpu 1, current lie: TIMER | IPI
[INFO  2] (hvisor:159) CPU 2 hv_pt_install OK.
[WARN  3] (hvisor:154) zone is not created for cpu 3
[INFO  2] (hvisor::device::irqchip::ls7a2000:63) loongarch64: irqchip: percpu_init: running percpu_init
[INFO  3] (hvisor:159) CPU 3 hv_pt_install OK.
[INFO  2] (hvisor::arch::loongarch64::ipi:299) ecfg ipi enabled on cpu 2, current lie: TIMER | IPI
[INFO  3] (hvisor::device::irqchip::ls7a2000:63) loongarch64: irqchip: percpu_init: running percpu_init
[INFO  3] (hvisor::arch::loongarch64::ipi:299) ecfg ipi enabled on cpu 3, current lie: TIMER | IPI
[INFO  0] (hvisor:146) Primary CPU init late...
[INFO  0] (hvisor::device::irqchip::ls7a2000:52) loongarch64: irqchip: primary_init_late: running primary_init_late
[INFO  0] (hvisor::device::irqchip::ls7a2000:54) loongarch64: irqchip: primary_init_late: testing UART1
[INFO  0] (hvisor::device::uart::loongson_uart:232) loongarch: uart: __test_uart1
[INFO  0] (hvisor::device::uart::loongson_uart:235) loongarch: uart: __test_uart1 init done
[INFO  0] (hvisor::device::uart::loongson_uart:238) loongarch: uart: __test_uart1 send_str test done
[INFO  0] (hvisor::device::irqchip::ls7a2000:57) loongarch64: irqchip: primary_init_late: probing pci
[WARN  0] (hvisor::device::irqchip::ls7a2000::chip:963) loongarch64: probe_pci: probing PCI devices @ 0x80000efe00000000
[INFO  0] (hvisor::device::irqchip::ls7a2000::chip:974) loongarch64: probe_pci: device 0: vendor=0x14 device=0x7a00 name=[Loongson Technology LLC] Hyper Transport Bridge Controller	
[INFO  0] (hvisor::device::irqchip::ls7a2000::chip:974) loongarch64: probe_pci: device 4: vendor=0x14 device=0x7a24 name=[Loongson Technology LLC] OHCI USB Controller
[INFO  0] (hvisor::device::irqchip::ls7a2000::chip:974) loongarch64: probe_pci: device 5: vendor=0x14 device=0x7a24 name=[Loongson Technology LLC] OHCI USB Controller
[INFO  0] (hvisor::device::irqchip::ls7a2000::chip:974) loongarch64: probe_pci: device 6: vendor=0x14 device=0x7a25 name=[Loongson Technology LLC] LG100 GPU
[INFO  0] (hvisor::device::irqchip::ls7a2000::chip:974) loongarch64: probe_pci: device 7: vendor=0x14 device=0x7a07 name=[Loongson Technology LLC] HDA (High Definition Audio) Controller
[INFO  0] (hvisor::device::irqchip::ls7a2000::chip:974) loongarch64: probe_pci: device 8: vendor=0x14 device=0x7a18 name=[Loongson Technology LLC] SATA 3 AHCI Controller
[INFO  0] (hvisor::device::irqchip::ls7a2000::chip:974) loongarch64: probe_pci: device 9: vendor=0x14 device=0x7a49 name=[Loongson Technology LLC] PCIe x4 Root Port
[INFO  0] (hvisor::device::irqchip::ls7a2000::chip:974) loongarch64: probe_pci: device 10: vendor=0x14 device=0x7a39 name=[Loongson Technology LLC] PCIe x1 Root Port
[INFO  0] (hvisor::device::irqchip::ls7a2000::chip:974) loongarch64: probe_pci: device 11: vendor=0x14 device=0x7a39 name=[Loongson Technology LLC] PCIe x1 Root Port
[INFO  0] (hvisor::device::irqchip::ls7a2000::chip:974) loongarch64: probe_pci: device 12: vendor=0x14 device=0x7a39 name=[Loongson Technology LLC] PCIe x1 Root Port
[INFO  0] (hvisor::device::irqchip::ls7a2000::chip:974) loongarch64: probe_pci: device 13: vendor=0x14 device=0x7a49 name=[Loongson Technology LLC] PCIe x4 Root Port
[INFO  0] (hvisor::device::irqchip::ls7a2000::chip:974) loongarch64: probe_pci: device 15: vendor=0x14 device=0x7a69 name=[Loongson Technology LLC] PCIe x16 Root Port
[INFO  0] (hvisor::device::irqchip::ls7a2000::chip:974) loongarch64: probe_pci: device 16: vendor=0x14 device=0x7a59 name=[Loongson Technology LLC] PCIe x8 Root Port
[INFO  0] (hvisor::device::irqchip::ls7a2000::chip:974) loongarch64: probe_pci: device 19: vendor=0x14 device=0x7a59 name=[Loongson Technology LLC] PCIe x8 Root Port
[INFO  0] (hvisor::device::irqchip::ls7a2000::chip:974) loongarch64: probe_pci: device 22: vendor=0x14 device=0x7a1b name=[Loongson Technology LLC] SPI Controller
[INFO  0] (hvisor::device::irqchip::ls7a2000::chip:974) loongarch64: probe_pci: device 25: vendor=0x14 device=0x7a34 name=[Loongson Technology LLC] xHCI USB Controller
[INFO  0] (hvisor::device::irqchip::ls7a2000::chip:974) loongarch64: probe_pci: device 26: vendor=0x14 device=0x7a1f name=[Loongson Technology LLC] Unknown Device
[INFO  0] (hvisor::device::irqchip::ls7a2000::chip:974) loongarch64: probe_pci: device 36: vendor=0x14 device=0x7a24 name=[Loongson Technology LLC] OHCI USB Controller
[INFO  0] (hvisor::device::irqchip::ls7a2000::chip:974) loongarch64: probe_pci: device 37: vendor=0x14 device=0x7a24 name=[Loongson Technology LLC] OHCI USB Controller
[INFO  0] (hvisor::device::irqchip::ls7a2000::chip:974) loongarch64: probe_pci: device 38: vendor=0x14 device=0x7a25 name=[Loongson Technology LLC] LG100 GPU
[INFO  0] (hvisor::device::irqchip::ls7a2000::chip:974) loongarch64: probe_pci: device 39: vendor=0x14 device=0x7a07 name=[Loongson Technology LLC] HDA (High Definition Audio) Controller
[INFO  0] (hvisor::device::irqchip::ls7a2000::chip:974) loongarch64: probe_pci: device 40: vendor=0x14 device=0x7a18 name=[Loongson Technology LLC] SATA 3 AHCI Controller
[INFO  0] (hvisor::device::irqchip::ls7a2000::chip:974) loongarch64: probe_pci: device 54: vendor=0x14 device=0x7a1b name=[Loongson Technology LLC] SPI Controller
[INFO  0] (hvisor::device::irqchip::ls7a2000::chip:974) loongarch64: probe_pci: device 57: vendor=0x14 device=0x7a34 name=[Loongson Technology LLC] xHCI USB Controller
[INFO  0] (hvisor::device::irqchip::ls7a2000::chip:974) loongarch64: probe_pci: device 58: vendor=0x14 device=0x7a1f name=[Loongson Technology LLC] Unknown Device
[INFO  0] (hvisor::device::irqchip::ls7a2000:60) loongarch64: irqchip: primary_init_late finished
[INFO  3] (hvisor::percpu:70) CPU3: Idling the CPU before starting VM...
[INFO  2] (hvisor::percpu:70) CPU2: Idling the CPU before starting VM...
[INFO  1] (hvisor::percpu:70) CPU1: Idling the CPU before starting VM...
[INFO  0] (hvisor::percpu:73) CPU0: Running the VM...
[INFO  1] (hvisor::arch::loongarch64::cpu:132) loongarch64: ArchCpu::idle: cpuid=1
[INFO  0] (hvisor::arch::loongarch64::s2pt:168) loongarch64: S2PTInstr::activate: root_pa: 0x90000001003d6000
[INFO  1] (hvisor::arch::loongarch64::ipi:299) ecfg ipi enabled on cpu 1, current lie: TIMER | IPI
[INFO  0] (hvisor::arch::loongarch64::s2pt:180) loongarch64: S2PTInstr::activate: set tlbrentry to 0x10009e000 done!
[INFO  3] (hvisor::arch::loongarch64::cpu:132) loongarch64: ArchCpu::idle: cpuid=3
[INFO  0] (hvisor::arch::loongarch64::cpu:77) loongarch64: CPU0 run@0x9000000000da4000
[INFO  2] (hvisor::arch::loongarch64::cpu:132) loongarch64: ArchCpu::idle: cpuid=2
[INFO  0] (hvisor::arch::loongarch64::cpu:82) loongarch64: @ArchCpu {
    ctx: LoongArch64ZoneContext {
        x: [
            0x0,
            0x0,
            0x0,
            0x0,
            0x0,
            0x0,
            0x0,
            0x0,
            0x0,
            0x0,
            0x0,
            0x0,
            0x0,
            0x0,
            0x0,
            0x0,
            0x0,
            0x0,
            0x0,
            0x0,
            0x0,
            0x0,
            0x0,
            0x0,
            0x0,
            0x0,
            0x0,
            0x0,
            0x0,
            0x0,
            0x0,
            0x0,
        ],
        sepc: 0x9000000000da4000,
        gcsr_crmd: 0x8,
        gcsr_prmd: 0x0,
        gcsr_euen: 0x0,
        gcsr_misc: 0x0,
        gcsr_ectl: 0x10000,
        gcsr_estat: 0x0,
        gcsr_era: 0x0,
        gcsr_badv: 0x0,
        gcsr_badi: 0x0,
        gcsr_eentry: 0x1c000000,
        gcsr_tlbidx: 0xe000000,
        gcsr_tlbehi: 0x0,
        gcsr_tlbelo0: 0x0,
        gcsr_tlbelo1: 0x0,
        gcsr_asid: 0xa0000,
        gcsr_pgdl: 0x0,
        gcsr_pgdh: 0x0,
        gcsr_pgd: 0x0,
        gcsr_pwcl: 0x0,
        gcsr_pwch: 0x0,
        gcsr_stlbps: 0xe,
        gcsr_ravcfg: 0x0,
        gcsr_cpuid: 0x0,
        gcsr_prcfg1: 0x72f8,
        gcsr_prcfg2: 0x3ffff000,
        gcsr_prcfg3: 0x8073f2,
        gcsr_save0: 0xd7bdf824bd5269cf,
        gcsr_save1: 0xf925451b5b1c46c6,
        gcsr_save2: 0x12b1d2d972f5fa32,
        gcsr_save3: 0xce87db3cff9075c0,
        gcsr_save4: 0x521ce0be3bb35387,
        gcsr_save5: 0x137ef85f7ecca8ec,
        gcsr_save6: 0x34ce457ec45c6bc3,
        gcsr_save7: 0x7bcfe8dfd335d42e,
        gcsr_save8: 0x0,
        gcsr_save9: 0x0,
        gcsr_save10: 0x0,
        gcsr_save11: 0x0,
        gcsr_save12: 0x0,
        gcsr_save13: 0x0,
        gcsr_save14: 0x0,
        gcsr_save15: 0x0,
        gcsr_tid: 0x0,
        gcsr_tcfg: 0x0,
        gcsr_tval: 0xffffffffffff,
        gcsr_cntc: 0x0,
        gcsr_ticlr: 0x0,
        gcsr_llbctl: 0x0,
        gcsr_tlbrentry: 0x0,
        gcsr_tlbrbadv: 0x0,
        gcsr_tlbrera: 0x0,
        gcsr_tlbrsave: 0x0,
        gcsr_tlbrelo0: 0x0,
        gcsr_tlbrelo1: 0x0,
        gcsr_tlbrehi: 0x0,
        gcsr_tlbrprmd: 0x0,
        gcsr_dmw0: 0x0,
        gcsr_dmw1: 0x0,
        gcsr_dmw2: 0x0,
        gcsr_dmw3: 0x0,
        pgdl: 0x0,
        pgdh: 0x0,
    },
    stack_top: 0x9000000100256000,
    cpuid: 0x0,
    power_on: true,
    init: true,
}
[INFO  2] (hvisor::arch::loongarch64::ipi:299) ecfg ipi enabled on cpu 2, current lie: TIMER | IPI
[INFO  3] (hvisor::arch::loongarch64::ipi:299) ecfg ipi enabled on cpu 3, current lie: TIMER | IPI
[INFO  0] (hvisor::arch::loongarch64::trap:1346) csrxchg emulation for CSR 0x80
[INFO  0] (hvisor::arch::loongarch64::trap:1297) cpucfg emulation, target cpucfg index is 0x0
[INFO  0] (hvisor::arch::loongarch64::trap:1297) cpucfg emulation, target cpucfg index is 0x2
[INFO  0] (hvisor::arch::loongarch64::trap:1297) cpucfg emulation, target cpucfg index is 0x1
[INFO  0] (hvisor::arch::loongarch64::trap:1297) cpucfg emulation, target cpucfg index is 0x2
[INFO  0] (hvisor::arch::loongarch64::trap:1297) cpucfg emulation, target cpucfg index is 0x6
[WARN  0] (hvisor::arch::loongarch64::zone:534) loongarch64: generic mmio handler, zone_era=0x90000000002207dc, offset=0x8, size=4, R <-  0x27ff
[INFO  0] (hvisor::arch::loongarch64::trap:1340) csrwr emulation for CSR 0x93
[INFO  0] (hvisor::arch::loongarch64::trap:1297) cpucfg emulation, target cpucfg index is 0x10
[INFO  0] (hvisor::arch::loongarch64::trap:1297) cpucfg emulation, target cpucfg index is 0x11
[INFO  0] (hvisor::arch::loongarch64::trap:1297) cpucfg emulation, target cpucfg index is 0x12
[INFO  0] (hvisor::arch::loongarch64::trap:1297) cpucfg emulation, target cpucfg index is 0x13
[INFO  0] (hvisor::arch::loongarch64::trap:1297) cpucfg emulation, target cpucfg index is 0x14
[WARN  0] (hvisor::arch::loongarch64::zone:534) loongarch64: generic mmio handler, zone_era=0x9000000000220ab0, offset=0x10, size=8, R <-  0x6e6f73676e6f6f4c
[WARN  0] (hvisor::arch::loongarch64::zone:534) loongarch64: generic mmio handler, zone_era=0x9000000000220abc, offset=0x20, size=8, R <-  0x4c2d303030364133
[INFO  0] (hvisor::arch::loongarch64::trap:1297) cpucfg emulation, target cpucfg index is 0x1
[INFO  0] (hvisor::arch::loongarch64::trap:1297) cpucfg emulation, target cpucfg index is 0x1
[    0.000000] Linux version 6.11.6 (wheatfox@dedsec-amd0) (loongarch64-unknown-linux-gnu-gcc (GCC) 13.0.1 20230316 (experimental), GNU ld (GNU Binutils) 2.40.50.20230316) #465 SMP PREEMPT_DYNAMIC Thu May  8 09:58:13 CST 2025
[    0.000000] 64-bit Loongson Processor probed (LA664 Core)
[    0.000000] CPU0 revision is: 0014d000 (Loongson-64bit)
[    0.000000] FPU0 revision is: 00000000
[    0.000000] ACPI: Early table checksum verification disabled
[    0.000000] earlycon: ns16550a0 at MMIO 0x000000001fe001e0 (options '115200n8')
[    0.000000] printk: legacy bootconsole [ns16550a0] enabled
[    0.000000] OF: reserved mem: 0x00000000c0000000..0x00000000efffffff (786432 KiB) nomap non-reusable nonroot0xc0000000
[    0.000000] Faking a node at [mem 0x0000000000200000-0x00000000ffffffff]
[    0.000000] Node0's addrspace_offset is 0x0
[    0.000000] Node0: start_pfn=0x200, end_pfn=0x100000
[    0.000000] DMI not present or invalid.
[    0.000000] The BIOS Version: (null)
[    0.000000] software IO TLB: area num 1.
[    0.000000] software IO TLB: mapped [mem 0x0000000004e60000-0x0000000008e60000] (64MB)
[    0.000000] PM: hibernation: Registered nosave memory: [mem 0x04994000-0x04994fff]
[WARN  0] (hvisor::arch::loongarch64::zone:534) loongarch64: generic mmio handler, zone_era=0x9000000000dc60bc, offset=0x1004, size=4, W ->  0xffffffffffffffff
[    0.000000] Detected 1 available CPU(s)
[    0.000000] SMP: Allowing 1 CPUs, 0 hotplug CPUs
[    0.000000] Zone ranges:
[    0.000000]   DMA32    [mem 0x0000000000200000-0x00000000ffffffff]
[    0.000000]   Normal   empty
[    0.000000] Movable zone start for each node
[    0.000000] Early memory node ranges
[    0.000000]   node   0: [mem 0x0000000000200000-0x000000000effffff]
[    0.000000]   node   0: [mem 0x0000000090000000-0x000000009fffffff]
[    0.000000]   node   0: [mem 0x00000000c0000000-0x00000000efffffff]
[    0.000000]   node   0: [mem 0x00000000f0000000-0x00000000ffffffff]
[    0.000000] Initmem setup node 0 [mem 0x0000000000200000-0x00000000ffffffff]
[    0.000000] On node 0, zone DMA32: 512 pages in unavailable ranges
[    0.000000] On node 0, zone DMA32: 135168 pages in unavailable ranges
[    0.000000] percpu: Embedded 20 pages/cpu s43480 r8192 d30248 u2097152
[    0.000000] pcpu-alloc: s43480 r8192 d30248 u2097152 alloc=1*2097152
[    0.000000] pcpu-alloc: [0] 0 
[    0.000000] Kernel command line: earlycon console=ttyS0,115200n8 initramfs_async=false rootwait debug 
[    0.000000] Dentry cache hash table entries: 131072 (order: 8, 1048576 bytes, linear)
[    0.000000] Inode-cache hash table entries: 65536 (order: 7, 524288 bytes, linear)
[    0.000000] Fallback order for Node 0: 0 
[    0.000000] Built 1 zonelists, mobility grouping on.  Total pages: 388608
[    0.000000] Policy zone: DMA32
[    0.000000] mem auto-init: stack:all(zero), heap alloc:off, heap free:off
[    0.000000] SLUB: HWalign=64, Order=0-3, MinObjects=0, CPUs=1, Nodes=1
[    0.000000] Dynamic Preempt: full
[    0.000000] rcu: Preemptible hierarchical RCU implementation.
[    0.000000] rcu: 	RCU event tracing is enabled.
[    0.000000] rcu: 	RCU restricting CPUs from NR_CPUS=256 to nr_cpu_ids=1.
[    0.000000] 	Trampoline variant of Tasks RCU enabled.
[    0.000000] 	Tracing variant of Tasks RCU enabled.
[    0.000000] rcu: RCU calculated value of scheduler-enlistment delay is 10 jiffies.
[    0.000000] rcu: Adjusting geometry for rcu_fanout_leaf=16, nr_cpu_ids=1
[    0.000000] RCU Tasks: Setting shift to 0 and lim to 1 rcu_task_cb_adjust=1 rcu_task_cpu_ids=1.
[    0.000000] RCU Tasks Trace: Setting shift to 0 and lim to 1 rcu_task_cb_adjust=1 rcu_task_cpu_ids=1.
[    0.000000] NR_IRQS: 576, nr_irqs: 576, preallocated irqs: 16
[    0.000000] rcu: srcu_init: Setting srcu_struct sizes based on contention.
[INFO  0] (hvisor::arch::loongarch64::trap:1297) cpucfg emulation, target cpucfg index is 0x2
[INFO  0] (hvisor::arch::loongarch64::trap:1297) cpucfg emulation, target cpucfg index is 0x4
[INFO  0] (hvisor::arch::loongarch64::trap:1297) cpucfg emulation, target cpucfg index is 0x5
[    0.000000] Constant clock event device register
[    0.000000] clocksource: Constant: mask: 0xffffffffffffffff max_cycles: 0x171024e7e0, max_idle_ns: 440795205315 ns
[    0.000000] sched_clock: 64 bits at 100MHz, resolution 10ns, wraps every 4398046511100ns
[    0.008040] Constant clock source device register
[INFO  0] (hvisor::arch::loongarch64::trap:1334) csrrd emulation for CSR 0x380
[INFO  0] (hvisor::arch::loongarch64::trap:1334) csrrd emulation for CSR 0x300
[    0.012969] Console: colour dummy device 80x25
[    0.017514] Calibrating delay loop (skipped), value calculated using timer frequency.. 200.00 BogoMIPS (lpj=1000000)
[    0.027984] pid_max: default: 32768 minimum: 301
[    0.032586] LSM: initializing lsm=capability,yama
[    0.037261] Yama: becoming mindful.
[    0.040750] Mount-cache hash table entries: 2048 (order: 2, 16384 bytes, linear)
[    0.048103] Mountpoint-cache hash table entries: 2048 (order: 2, 16384 bytes, linear)
[    0.056150] ACPI PPTT: No PPTT table found, CPU and cache topology may be inaccurate
[    0.063851] Invalid BIOS PPTT
[WARN  0] (hvisor::arch::loongarch64::zone:534) loongarch64: generic mmio handler, zone_era=0x9000000000dc6168, offset=0x1048, size=8, W ->  0x80000004
[WARN  0] (hvisor::arch::loongarch64::zone:534) loongarch64: generic mmio handler, zone_era=0x9000000000dc6170, offset=0x1048, size=8, W ->  0x80000000
[    0.067216] rcu: Hierarchical SRCU implementation.
[    0.071971] rcu: 	Max phase no-delay instances is 1000.
[    0.077265] smp: Bringing up secondary CPUs ...
[    0.081766] smp: Brought up 1 node, 1 CPU
[    0.085774] Memory: 587500K/1554432K available (11904K kernel code, 4104K rwdata, 3452K rodata, 57792K init, 806K bss, 965420K reserved, 0K cma-reserved)
[    0.099537] devtmpfs: initialized
[INFO  0] (hvisor::arch::loongarch64::trap:1297) cpucfg emulation, target cpucfg index is 0x6
[INFO  0] (hvisor::arch::loongarch64::trap:1340) csrwr emulation for CSR 0x200
[INFO  0] (hvisor::arch::loongarch64::trap:1340) csrwr emulation for CSR 0x201
[INFO  0] (hvisor::arch::loongarch64::trap:1340) csrwr emulation for CSR 0x202
[INFO  0] (hvisor::arch::loongarch64::trap:1340) csrwr emulation for CSR 0x203
[INFO  0] (hvisor::arch::loongarch64::trap:1340) csrwr emulation for CSR 0x204
[INFO  0] (hvisor::arch::loongarch64::trap:1340) csrwr emulation for CSR 0x205
[INFO  0] (hvisor::arch::loongarch64::trap:1340) csrwr emulation for CSR 0x206
[INFO  0] (hvisor::arch::loongarch64::trap:1340) csrwr emulation for CSR 0x207
[    0.103236] Performance counters: loongarch/loongson64 PMU enabled, 4 64-bit counters available to each CPU.
[    0.114060] clocksource: jiffies: mask: 0xffffffff max_cycles: 0xffffffff, max_idle_ns: 19112604462750000 ns
[    0.123828] futex hash table entries: 256 (order: 2, 16384 bytes, linear)
[    0.130753] NET: Registered PF_NETLINK/PF_ROUTE protocol family
[INFO  0] (hvisor::arch::loongarch64::trap:1334) csrrd emulation for CSR 0x380
[INFO  0] (hvisor::arch::loongarch64::trap:1334) csrrd emulation for CSR 0x300
[    0.136876] thermal_sys: Registered thermal governor 'step_wise'
[    0.137094] hw-breakpoint: Found 0 breakpoint and 0 watchpoint registers.
[    0.150389] HugeTLB: registered 2.00 MiB page size, pre-allocated 0 pages
[    0.157134] HugeTLB: 28 KiB vmemmap can be freed for a 2.00 MiB page
[    0.163760] ACPI: Interpreter disabled.
[    0.167578] iommu: Default domain type: Translated
[    0.172332] iommu: DMA domain TLB invalidation policy: strict mode
[    0.178547] SCSI subsystem initialized
[    0.182298] libata version 3.00 loaded.
[    0.186137] pps_core: LinuxPPS API ver. 1 registered
[    0.191067] pps_core: Software ver. 5.3.6 - Copyright 2005-2007 Rodolfo Giometti <giometti@linux.it>
[    0.200401] vgaarb: loaded
[    0.203107] clocksource: Switched to clocksource Constant
[    0.208530] VFS: Disk quotas dquot_6.6.0
[    0.212425] VFS: Dquot-cache hash table entries: 512 (order 0, 4096 bytes)
[    0.219296] pnp: PnP ACPI: disabled
[    0.224575] NET: Registered PF_INET protocol family
[    0.229462] IP idents hash table entries: 16384 (order: 5, 131072 bytes, linear)
[    0.237095] tcp_listen_portaddr_hash hash table entries: 512 (order: 1, 8192 bytes, linear)
[    0.245429] Table-perturb hash table entries: 65536 (order: 6, 262144 bytes, linear)
[    0.253126] TCP established hash table entries: 8192 (order: 4, 65536 bytes, linear)
[    0.260835] TCP bind hash table entries: 8192 (order: 6, 262144 bytes, linear)
[    0.268045] TCP: Hash tables configured (established 8192 bind 8192)
[    0.274380] UDP hash table entries: 512 (order: 2, 16384 bytes, linear)
[    0.280954] UDP-Lite hash table entries: 512 (order: 2, 16384 bytes, linear)
[    0.287986] NET: Registered PF_UNIX/PF_LOCAL protocol family
[    0.293615] NET: Registered PF_XDP protocol family
[    0.298372] PCI: CLS 0 bytes, default 64
[    1.133410] Initialise system trusted keyrings
[    1.137899] workingset: timestamp_bits=40 max_order=18 bucket_order=0
[    1.144320] zbud: loaded
[    1.146949] squashfs: version 4.0 (2009/01/31) Phillip Lougher
[    1.152856] SGI XFS with ACLs, security attributes, quota, no debug enabled
[    1.159938] Key type asymmetric registered
[    1.164006] Asymmetric key parser 'x509' registered
[    1.170558] Block layer SCSI generic (bsg) driver version 0.4 loaded (major 250)
[    1.177956] io scheduler mq-deadline registered
[    1.182452] io scheduler kyber registered
[    1.186444] io scheduler bfq registered
[    1.192041] shpchp: Standard Hot Plug PCI Controller Driver version: 0.4
[    1.199617] Serial: 8250/16550 driver, 16 ports, IRQ sharing enabled
[    1.206996] of_serial 1fe001e0.serial: error -ENXIO: IRQ index 0 not found
[    1.213914] printk: legacy console [ttyS0] disabled
[    1.218842] 1fe001e0.serial: ttyS0 at MMIO 0x1fe001e0 (irq = 0, base_baud = 6250000) is a 16550A
[    1.227600] printk: legacy console [ttyS0] enabled
[    1.227600] printk: legacy console [ttyS0] enabled
[    1.237117] printk: legacy bootconsole [ns16550a0] disabled
[    1.237117] printk: legacy bootconsole [ns16550a0] disabled
[    1.275103] brd: module loaded
[    1.279795] loop: module loaded
[    1.283013] megaraid cmm: 2.20.2.7 (Release Date: Sun Jul 16 00:01:03 EST 2006)
[    1.290310] megaraid: 2.20.5.1 (Release Date: Thu Nov 16 15:32:35 EST 2006)
[    1.297239] megasas: 07.727.03.00-rc1
[    1.300887] mpt3sas version 48.100.00.00 loaded
[    1.305654] igb: Intel(R) Gigabit Ethernet Network Driver
[    1.311015] igb: Copyright (c) 2007-2014 Intel Corporation.
[    1.316596] i2c_dev: i2c /dev entries driver
[    1.320926] device-mapper: ioctl: 4.48.0-ioctl (2023-03-01) initialised: dm-devel@lists.linux.dev
[    1.329768] hid: raw HID events driver (C) Jiri Kosina
[    1.334975] NET: Registered PF_INET6 protocol family
[    1.340123] Segment Routing with IPv6
[    1.343776] In-situ OAM (IOAM) with IPv6
[    1.347685] sit: IPv6, IPv4 and MPLS over IPv4 tunneling driver
[    1.356151] Loading compiled-in X.509 certificates
[    1.363258] Demotion targets for Node 0: null
[    1.568512] OF: fdt: not creating '/sys/firmware/fdt': CRC check failed
[    1.575108] clk: Disabling unused clocks
[    1.586972] Freeing unused kernel image (initmem) memory: 57792K
[    1.592952] This architecture does not have kernel memory protection.
[    1.599405] Run /init as init process
[    1.603037]   with arguments:
[    1.605994]     /init
[    1.608243]   with environment:
[    1.611357]     HOME=/
[    1.613700]     TERM=linux
Starting syslogd: OK
Starting klogd: OK
Running sysctl: OK
Starting system message bus: [    6.923112] random: crng init done
done
Starting telnetd: OK
Welcome to hvisor(loongarch) root linux! Buildroot/wheatfox 2025
[root@dedsec /]# ./daemon.sh 
[   12.925532] hvisor: loading out-of-tree module taints kernel.
[   12.931443] hvisor init done!!!
hvisor not insta[INFO  0] (hvisor::hypercall:130) handle hvc init virtio, shared_region_addr = 0x934d5000
[INFO  0] (hvisor::hypercall:157) hvisor device region base is 0x90000000934d5000
[   12.939393] virtio bridge mmap succeed!
[   12.943778] non root region mmap succeed!
[   12.948028] non root region mmap succeed!
lled, installing...
successfully installed hvisor
Starting hvisor with configuration: /tool/virtio_cfg.json
nohup: appending output to nohup.out
[root@dedsec /]# ./start.sh 
booting zone lin[   13.952436] non root region mmap succeed!
ux2 with configuration: /tool/li[   13.989222] non root region mmap succeed!
nux2.json
00:00:13 DEBUG   14.013196] hvisor: calling hypercall to start zone
[INFO  0] (hvisor::hypercall:222) hv_zone_start: config: HvZoneConfig {
    zone_id: 0x2,
    cpus: 0x4,
    num_memory_regions: 0xd,
    memory_regions: [
        HvConfigMemoryRegion {
            mem_type: 0x0,
            physical_start: 0xc0000000,
            virtual_start: 0x0,
            size: 0x10000000,
        },
        HvConfigMemoryRegion {
            mem_type: 0x0,
            physical_start: 0xd0000000,
            virtual_start: 0x90000000,
            size: 0x10000000,
        },
        HvConfigMemoryRegion {
            mem_type: 0x1,
            physical_start: 0x1fe00000,
            virtual_start: 0x1fe00000,
            size: 0x1000,
        },
        HvConfigMemoryRegion {
            mem_type: 0x1,
            physical_start: 0x10080000,
            virtual_start: 0x10080000,
            size: 0x1000,
        },
        HvConfigMemoryRegion {
            mem_type: 0x2,
            physical_start: 0x30001000,
            virtual_start: 0x30001000,
            size: 0x200,
        },
        HvConfigMemoryRegion {
            mem_type: 0x2,
            physical_start: 0x30002000,
            virtual_start: 0x30002000,
            size: 0x200,
        },
        HvConfigMemoryRegion {
            mem_type: 0x1,
            physical_start: 0xffffffff0000,
            virtual_start: 0xffffffff0000,
            size: 0x1000,
        },
        HvConfigMemoryRegion {
            mem_type: 0x1,
            physical_start: 0x10000000,
            virtual_start: 0x10000000,
            size: 0x1000,
        },
        HvConfigMemoryRegion {
            mem_type: 0x1,
            physical_start: 0x100d0000,
            virtual_start: 0x100d0000,
            size: 0x1000,
        },
        HvConfigMemoryRegion {
            mem_type: 0x1,
            physical_start: 0xefe00000000,
            virtual_start: 0xfe00000000,
            size: 0x20000000,
        },
        HvConfigMemoryRegion {
            mem_type: 0x1,
            physical_start: 0x18408000,
            virtual_start: 0x18408000,
            size: 0x8000,
        },
        HvConfigMemoryRegion {
            mem_type: 0x1,
            physical_start: 0x60000000,
            virtual_start: 0x60000000,
            size: 0x20000000,
        },
        HvConfigMemoryRegion {
            mem_type: 0x1,
            physical_start: 0x10010000,
            virtual_start: 0x10010000,
            size: 0x10000,
        },
        HvConfigMemoryRegion {
            mem_type: 0x0,
            physical_start: 0x0,
            virtual_start: 0x0,
            size: 0x0,
        },
        HvConfigMemoryRegion {
            mem_type: 0x0,
            physical_start: 0x0,
            virtual_start: 0x0,
            size: 0x0,
        },
        HvConfigMemoryRegion {
            mem_type: 0x0,
            physical_start: 0x0,
            virtual_start: 0x0,
            size: 0x0,
        },
    ],
    num_interrupts: 0x2,
    interrupts: [
        0x4,
        0x5,
        0x0,
        0x0,
        0x0,
        0x0,
        0x0,
        0x0,
        0x0,
        0x0,
        0x0,
        0x0,
        0x0,
        0x0,
        0x0,
        0x0,
        0x0,
        0x0,
        0x0,
        0x0,
        0x0,
        0x0,
        0x0,
        0x0,
        0x0,
        0x0,
        0x0,
        0x0,
        0x0,
        0x0,
        0x0,
        0x0,
    ],
    num_ivc_configs: 0x0,
    ivc_configs: [
        HvIvcConfig {
            ivc_id: 0x0,
            peer_id: 0x0,
            control_table_ipa: 0x0,
            shared_mem_ipa: 0x0,
            rw_sec_size: 0x0,
            out_sec_size: 0x0,
            interrupt_num: 0x0,
            max_peers: 0x0,
        },
        HvIvcConfig {
            ivc_id: 0x0,
            peer_id: 0x0,
            control_table_ipa: 0x0,
            shared_mem_ipa: 0x0,
            rw_sec_size: 0x0,
            out_sec_size: 0x0,
            interrupt_num: 0x0,
            max_peers: 0x0,
        },
    ],
    entry_point: 0x9000000000e8c000,
    kernel_load_paddr: 0xc0200000,
    kernel_size: 0x2010000,
    dtb_load_paddr: 0xc0000000,
    dtb_size: 0x5000,
    name: [
        0x6c,
        0x69,
        0x6e,
        0x75,
        0x78,
        0x32,
        0x0,
        0x0,
        0x0,
        0x0,
        0x0,
        0x0,
        0x0,
        0x0,
        0x0,
        0x0,
        0x0,
        0x0,
        0x0,
        0x0,
        0x0,
        0x0,
        0x0,
        0x0,
        0x0,
        0x0,
        0x0,
        0x0,
        0x0,
        0x0,
        0x0,
        0x0,
    ],
    arch_config: HvArchZoneConfig {
        dummy: 0x0,
    },
    pci_config: HvPciConfig {
        ecam_base: 0x0,
        ecam_size: 0x0,
        io_base: 0x0,
        io_size: 0x0,
        pci_io_base: 0x0,
        mem32_base: 0x0,
        mem32_size: 0x0,
        pci_mem32_base: 0x0,
        mem64_base: 0x0,
        mem64_size: 0x0,
        pci_mem64_base: 0x0,
    },
    num_pci_devs: 0x0,
    alloc_pci_devs: [
        0x0,
        0x0,
        0x0,
        0x0,
        0x0,
        0x0,
        0x0,
        0x0,
        0x0,
        0x0,
        0x0,
        0x0,
        0x0,
        0x0,
        0x0,
        0x0,
    ],
}
[INFO  0] (hvisor::memory::mm:112) region.start: 0x0
[INFO  0] (hvisor::memory::mm:112) region.start: 0x90000000
[INFO  0] (hvisor::memory::mm:112) region.start: 0x1FE00000
[INFO  0] (hvisor::memory::mm:112) region.start: 0x10080000
[INFO  0] (hvisor::arch::loongarch64::zone:63) loongarch64: pt_init: register virtio mmio region: HvConfigMemoryRegion {
    mem_type: 0x2,
    physical_start: 0x30001000,
    virtual_start: 0x30001000,
    size: 0x200,
}
[INFO  0] (hvisor::memory::mm:112) region.start: 0x30001000
[INFO  0] (hvisor::arch::loongarch64::zone:63) loongarch64: pt_init: register virtio mmio region: HvConfigMemoryRegion {
    mem_type: 0x2,
    physical_start: 0x30002000,
    virtual_start: 0x30002000,
    size: 0x200,
}
[INFO  0] (hvisor::memory::mm:112) region.start: 0x30002000
[INFO  0] (hvisor::memory::mm:112) region.start: 0xFFFFFFFF0000
[INFO  0] (hvisor::memory::mm:112) region.start: 0x10000000
[INFO  0] (hvisor::memory::mm:112) region.start: 0x100D0000
[INFO  0] (hvisor::memory::mm:112) region.start: 0xFE00000000
[INFO  0] (hvisor::memory::mm:112) region.start: 0x18408000
[INFO  0] (hvisor::memory::mm:112) region.start: 0x60000000
[INFO  0] (hvisor::memory::mm:112) region.start: 0x10010000
[INFO  0] (hvisor::arch::loongarch64::zone:92) loongarch64: pt_init: add mmio handler for 0x1fe0_xxxx mmio region
[INFO  0] (hvisor::zone:222) zone cpu_set: 0b100
[INFO  2] (hvisor::event:112) cpu 2 wakeup
[INFO  2] (hvisor::arch::loongarch64::s2pt:168) loongarch64: S2PTInstr::activate: root_pa: 0x90000001008d9000
[INFO  2] (hvisor::arch::loongarch64::s2pt:180) loongarch64: S2PTInstr::activate: set tlbrentry to 0x10009e000 done!
[INFO  2] (hvisor::arch::loongarch64::cpu:77) loongarch64: CPU2 run@0x9000000000e8c000
[INFO  2] (hvisor::arch::loongarch64::cpu:82) loongarch64: @ArchCpu {
    ctx: LoongArch64ZoneContext {
        x: [
            0x0,
            0x0,
            0x0,
            0x0,
            0x0,
            0x0,
            0x0,
            0x0,
            0x0,
            0x0,
            0x0,
            0x0,
            0x0,
            0x0,
            0x0,
            0x0,
            0x0,
            0x0,
            0x0,
            0x0,
            0x0,
            0x0,
            0x0,
            0x0,
            0x0,
            0x0,
            0x0,
            0x0,
            0x0,
            0x0,
            0x0,
            0x0,
        ],
        sepc: 0x9000000000e8c000,
        gcsr_crmd: 0x8,
        gcsr_prmd: 0x0,
        gcsr_euen: 0x0,
        gcsr_misc: 0x0,
        gcsr_ectl: 0x10000,
        gcsr_estat: 0x0,
        gcsr_era: 0x0,
        gcsr_badv: 0x0,
        gcsr_badi: 0x0,
        gcsr_eentry: 0x1c000000,
        gcsr_tlbidx: 0xe000000,
        gcsr_tlbehi: 0x0,
        gcsr_tlbelo0: 0x0,
        gcsr_tlbelo1: 0x0,
        gcsr_asid: 0xa0000,
        gcsr_pgdl: 0x0,
        gcsr_pgdh: 0x0,
        gcsr_pgd: 0x0,
        gcsr_pwcl: 0x0,
        gcsr_pwch: 0x0,
        gcsr_stlbps: 0xe,
        gcsr_ravcfg: 0x0,
        gcsr_cpuid: 0x2,
        gcsr_prcfg1: 0x72f8,
        gcsr_prcfg2: 0x3ffff000,
        gcsr_prcfg3: 0x8073f2,
        gcsr_save0: 0xe6de898f5a6a1e59,
        gcsr_save1: 0xf6c8da287956a346,
        gcsr_save2: 0xaebe2f5587ef3552,
        gcsr_save3: 0xa247005e6e49f363,
        gcsr_save4: 0x87eed9dbb5fbe917,
        gcsr_save5: 0xcd76ea1fbb475ffa,
        gcsr_save6: 0x8decd07ea4eabf75,
        gcsr_save7: 0xbb20cf5c18675745,
        gcsr_save8: 0x0,
        gcsr_save9: 0x0,
        gcsr_save10: 0x0,
        gcsr_save11: 0x0,
        gcsr_save12: 0x0,
        gcsr_save13: 0x0,
        gcsr_save14: 0x0,
        gcsr_save15: 0x0,
        gcsr_tid: 0x2,
        gcsr_tcfg: 0x0,
        gcsr_tval: 0xffffffffffff,
        gcsr_cntc: 0x0,
        gcsr_ticlr: 0x0,
        gcsr_llbctl: 0x0,
        gcsr_tlbrentry: 0x0,
        gcsr_tlbrbadv: 0x0,
        gcsr_tlbrera: 0x0,
        gcsr_tlbrsave: 0x0,
        gcsr_tlbrelo0: 0x0,
        gcsr_tlbrelo1: 0x0,
        gcsr_tlbrehi: 0x0,
        gcsr_tlbrprmd: 0x0,
        gcsr_dmw0: 0x0,
        gcsr_dmw1: 0x0,
        gcsr_dmw2: 0x0,
        gcsr_dmw3: 0x0,
        pgdl: 0x0,
        pgdh: 0x0,
    },
    stack_top: 0x9000000100356000,
    cpuid: 0x2,
    power_on: true,
    init: true,
}
[INFO  2] (hvisor::arch::loongarch64::trap:1346) csrxchg emulation for CSR 0x80
[INFO  2] (hvisor::arch::loongarch64::trap:1297) cpucfg emulation, target cpucfg index is 0x0
[INFO  2] (hvisor::arch::loongarch64::trap:1297) cpucfg emulation, target cpucfg index is 0x2
[INFO  2] (hvisor::arch::loongarch64::trap:1297) cpucfg emulation, target cpucfg index is 0x1
[INFO  2] (hvisor::arch::loongarch64::trap:1297) cpucfg emulation, target cpucfg index is 0x2
[INFO  2] (hvisor::arch::loongarch64::trap:1297) cpucfg emulation, target cpucfg index is 0x6
[INFO  2] (hvisor::arch::loongarch64::trap:1334) csrrd emulation for CSR 0x380
[INFO  2] (hvisor::arch::loongarch64::trap:1334) csrrd emulation for CSR 0x300
[INFO  2] (hvisor::arch::loongarch64::trap:1340) csrwr emulation for CSR 0x93
[INFO  2] (hvisor::arch::loongarch64::trap:1297) cpucfg emulation, target cpucfg index is 0x10
[INFO  2] (hvisor::arch::loongarch64::trap:1297) cpucfg emulation, target cpucfg index is 0x11
[INFO  2] (hvisor::arch::loongarch64::trap:1297) cpucfg emulation, target cpucfg index is 0x12
[INFO  2] (hvisor::arch::loongarch64::trap:1297) cpucfg emulation, target cpucfg index is 0x13
[INFO  2] (hvisor::arch::loongarch64::trap:1297) cpucfg emulation, target cpucfg index is 0x14
[INFO  2] (hvisor::arch::loongarch64::trap:1297) cpucfg emulation, target cpucfg index is 0x1
[INFO  2] (hvisor::arch::loongarch64::trap:1297) cpucfg emulation, target cpucfg index is 0x1
0m hvisor.c:398: memory_region 0: type 0, physical_start c0000000, virtual_start 0, size 10000000

00:00:13 DEBUG hvisor.c:398: memory_region 1: type 0, physical_s[WARN  2] (hvisor::arch::loongarch64::zone:534) loongarch64: generic mmio handler, zone_era=0x900000000022dd2c, offset=0x142c, size=4, W ->  0xffffffffffffffff
[WARN  2] (hvisor::arch::loongarch64::zone:534) loongarch64: generic mmio handler, zone_era=0x900000000022dd38, offset=0x1434, size=4, W ->  0x0
[WARN  2] (hvisor::arch::loongarch64::zone:534) loongarch64: generic mmio handler, zone_era=0x900000000022ddc4, offset=0x1400, size=1, W ->  0x11
[WARN  2] (hvisor::arch::loongarch64::zone:534) loongarch64: generic mmio handler, zone_era=0x900000000022ddc4, offset=0x1401, size=1, W ->  0x11
[WARN  2] (hvisor::arch::loongarch64::zone:534) loongarch64: generic mmio handler, zone_era=0x900000000022ddc4, offset=0x1402, size=1, W ->  0x11
[WARN  2] (hvisor::arch::loongarch64::zone:534) loongarch64: generic mmio handler, zone_era=0x900000000022ddc4, offset=0x1403, size=1, W ->  0x11
[WARN  2] (hvisor::arch::loongarch64::zone:534) loongarch64: generic mmio handler, zone_era=0x900000000022ddc4, offset=0x1404, size=1, W ->  0x11
[WARN  2] (hvisor::arch::loongarch64::zone:534) loongarch64: generic mmio handler, zone_era=0x900000000022ddc4, offset=0x1405, size=1, W ->  0x11
[WARN  2] (hvisor::arch::loongarch64::zone:534) loongarch64: generic mmio handler, zone_era=0x900000000022ddc4, offset=0x1406, size=1, W ->  0x11
[WARN  2] (hvisor::arch::loongarch64::zone:534) loongarch64: generic mmio handler, zone_era=0x900000000022ddc4, offset=0x1407, size=1, W ->  0x11
[WARN  2] (hvisor::arch::loongarch64::zone:534) loongarch64: generic mmio handler, zone_era=0x900000000022ddc4, offset=0x1408, size=1, W ->  0x11
[WARN  2] (hvisor::arch::loongarch64::zone:534) loongarch64: generic mmio handler, zone_era=0x900000000022ddc4, offset=0x1409, size=1, W ->  0x11
[WARN  2] (hvisor::arch::loongarch64::zone:534) loongarch64: generic mmio handler, zone_era=0x900000000022ddc4, offset=0x140a, size=1, W ->  0x11
[WARN  2] (hvisor::arch::loongarch64::zone:534) loongarch64: generic mmio handler, zone_era=0x900000000022ddc4, offset=0x140b, size=1, W ->  0x11
[WARN  2] (hvisor::arch::loongarch64::zone:534) loongarch64: generic mmio handler, zone_era=0x900000000022ddc4, offset=0x140c, size=1, W ->  0x11
[WARN  2] (hvisor::arch::loongarch64::zone:534) loongarch64: generic mmio handler, zone_era=0x900000000022ddc4, offset=0x140d, size=1, W ->  0x11
[WARN  2] (hvisor::arch::loongarch64::zone:534) loongarch64: generic mmio handler, zone_era=0x900000000022ddc4, offset=0x140e, size=1, W ->  0x11
[WARN  2] (hvisor::arch::loongarch64::zone:534) loongarch64: generic mmio handler, zone_era=0x900000000022ddc4, offset=0x140f, size=1, W ->  0x11
[WARN  2] (hvisor::arch::loongarch64::zone:534) loongarch64: generic mmio handler, zone_era=0x900000000022ddc4, offset=0x1410, size=1, W ->  0x11
[WARN  2] (hvisor::arch::loongarch64::zone:534) loongarch64: generic mmio handler, zone_era=0x900000000022ddc4, offset=0x1411, size=1, W ->  0x11
[WARN  2] (hvisor::arch::loongarch64::zone:534) loongarch64: generic mmio handler, zone_era=0x900000000022ddc4, offset=0x1412, size=1, W ->  0x11
[WARN  2] (hvisor::arch::loongarch64::zone:534) loongarch64: generic mmio handler, zone_era=0x900000000022ddc4, offset=0x1413, size=1, W ->  0x11
[WARN  2] (hvisor::arch::loongarch64::zone:534) loongarch64: generic mmio handler, zone_era=0x900000000022ddc4, offset=0x1414, size=1, W ->  0x11
[WARN  2] (hvisor::arch::loongarch64::zone:534) loongarch64: generic mmio handler, zone_era=0x900000000022ddc4, offset=0x1415, size=1, W ->  0x11
[WARN  2] (hvisor::arch::loongarch64::zone:534) loongarch64: generic mmio handler, zone_era=0x900000000022ddc4, offset=0x1416, size=1, W ->  0x11
[WARN  2] (hvisor::arch::loongarch64::zone:534) loongarch64: generic mmio handler, zone_era=0x900000000022ddc4, offset=0x1417, size=1, W ->  0x11
[WARN  2] (hvisor::arch::loongarch64::zone:534) loongarch64: generic mmio handler, zone_era=0x900000000022ddc4, offset=0x1418, size=1, W ->  0x11
[WARN  2] (hvisor::arch::loongarch64::zone:534) loongarch64: generic mmio handler, zone_era=0x900000000022ddc4, offset=0x1419, size=1, W ->  0x11
[WARN  2] (hvisor::arch::loongarch64::zone:534) loongarch64: generic mmio handler, zone_era=0x900000000022ddc4, offset=0x141a, size=1, W ->  0x11
[WARN  2] (hvisor::arch::loongarch64::zone:534) loongarch64: generic mmio handler, zone_era=0x900000000022ddc4, offset=0x141b, size=1, W ->  0x11
[WARN  2] (hvisor::arch::loongarch64::zone:534) loongarch64: generic mmio handler, zone_era=0x900000000022ddc4, offset=0x141c, size=1, W ->  0x11
[WARN  2] (hvisor::arch::loongarch64::zone:534) loongarch64: generic mmio handler, zone_era=0x900000000022ddc4, offset=0x141d, size=1, W ->  0x11
[WARN  2] (hvisor::arch::loongarch64::zone:534) loongarch64: generic mmio handler, zone_era=0x900000000022ddc4, offset=0x141e, size=1, W ->  0x11
[WARN  2] (hvisor::arch::loongarch64::zone:534) loongarch64: generic mmio handler, zone_era=0x900000000022ddc4, offset=0x141f, size=1, W ->  0x11
[WARN  2] (hvisor::arch::loongarch64::zone:534) loongarch64: generic mmio handler, zone_era=0x900000000093bf34, offset=0x420, size=8, R <-  0xf200f8880100
[WARN  2] (hvisor::arch::loongarch64::zone:534) loongarch64: generic mmio handler, zone_era=0x900000000093bf44, offset=0x420, size=8, W ->  0x1f200f8880100
[WARN  2] (hvisor::arch::loongarch64::zone:534) loongarch64: generic mmio handler, zone_era=0x900000000093bf80, offset=0x14a0, size=4, W ->  0x20001
[WARN  2] (hvisor::arch::loongarch64::zone:534) loongarch64: generic mmio handler, zone_era=0x900000000093bf80, offset=0x14a4, size=4, W ->  0x80004
[WARN  2] (hvisor::arch::loongarch64::zone:534) loongarch64: generic mmio handler, zone_era=0x900000000093bf80, offset=0x14a8, size=4, W ->  0x200010
[WARN  2] (hvisor::arch::loongarch64::zone:534) loongarch64: generic mmio handler, zone_era=0x900000000093bf80, offset=0x14ac, size=4, W ->  0x800040
[WARN  2] (hvisor::arch::loongarch64::zone:534) loongarch64: generic mmio handler, zone_era=0x900000000093bf80, offset=0x14b0, size=4, W ->  0x2000100
[WARN  2] (hvisor::arch::loongarch64::zone:534) loongarch64: generic mmio handler, zone_era=0x900000000093bf80, offset=0x14b4, size=4, W ->  0x8000400
[WARN  2] (hvisor::arch::loongarch64::zone:534) loongarch64: generic mmio handler, zone_era=0x900000000093bf80, offset=0x14b8, size=4, W ->  0x20001000
[WARN  2] (hvisor::arch::loongarch64::zone:534) loongarch64: generic mmio handler, zone_era=0x900000000093bf80, offset=0x14bc, size=4, W ->  0xffffffff80004000
[WARN  2] (hvisor::arch::loongarch64::zone:534) loongarch64: generic mmio handler, zone_era=0x900000000093bfcc, offset=0x14c0, size=4, W ->  0x2020202
[WARN  2] (hvisor::arch::loongarch64::zone:534) loongarch64: generic mmio handler, zone_era=0x900000000093bfcc, offset=0x14c4, size=4, W ->  0x2020202
[WARN  2] (hvisor::arch::loongarch64::zone:534) loongarch64: generic mmio handler, zone_era=0x900000000093c024, offset=0x1c00, size=4, W ->  0x1010101
[WARN  2] (hvisor::arch::loongarch64::zone:534) loongarch64: generic mmio handler, zone_era=0x900000000093c024, offset=0x1c04, size=4, W ->  0x1010101
[WARN  2] (hvisor::arch::loongarch64::zone:534) loongarch64: generic mmio handler, zone_era=0x900000000093c024, offset=0x1c08, size=4, W ->  0x1010101
[WARN  2] (hvisor::arch::loongarch64::zone:534) loongarch64: generic mmio handler, zone_era=0x900000000093c024, offset=0x1c0c, size=4, W ->  0x1010101
[WARN  2] (hvisor::arch::loongarch64::zone:534) loongarch64: generic mmio handler, zone_era=0x900000000093c024, offset=0x1c10, size=4, W ->  0x1010101
[WARN  2] (hvisor::arch::loongarch64::zone:534) loongarch64: generic mmio handler, zone_era=0x900000000093c024, offset=0x1c14, size=4, W ->  0x1010101
[WARN  2] (hvisor::arch::loongarch64::zone:534) loongarch64: generic mmio handler, zone_era=0x900000000093c024, offset=0x1c18, size=4, W ->  0x1010101
[WARN  2] (hvisor::arch::loongarch64::zone:534) loongarch64: generic mmio handler, zone_era=0x900000000093c024, offset=0x1c1c, size=4, W ->  0x1010101
[WARN  2] (hvisor::arch::loongarch64::zone:534) loongarch64: generic mmio handler, zone_era=0x900000000093c024, offset=0x1c20, size=4, W ->  0x1010101
[WARN  2] (hvisor::arch::loongarch64::zone:534) loongarch64: generic mmio handler, zone_era=0x900000000093c024, offset=0x1c24, size=4, W ->  0x1010101
[WARN  2] (hvisor::arch::loongarch64::zone:534) loongarch64: generic mmio handler, zone_era=0x900000000093c024, offset=0x1c28, size=4, W ->  0x1010101
[WARN  2] (hvisor::arch::loongarch64::zone:534) loongarch64: generic mmio handler, zone_era=0x900000000093c024, offset=0x1c2c, size=4, W ->  0x1010101
[WARN  2] (hvisor::arch::loongarch64::zone:534) loongarch64: generic mmio handler, zone_era=0x900000000093c024, offset=0x1c30, size=4, W ->  0x1010101
[WARN  2] (hvisor::arch::loongarch64::zone:534) loongarch64: generic mmio handler, zone_era=0x900000000093c024, offset=0x1c34, size=4, W ->  0x1010101
[WARN  2] (hvisor::arch::loongarch64::zone:534) loongarch64: generic mmio handler, zone_era=0x900000000093c024, offset=0x1c38, size=4, W ->  0x1010101
[WARN  2] (hvisor::arch::loongarch64::zone:534) loongarch64: generic mmio handler, zone_era=0x900000000093c024, offset=0x1c3c, size=4, W ->  0x1010101
[WARN  2] (hvisor::arch::loongarch64::zone:534) loongarch64: generic mmio handler, zone_era=0x900000000093c024, offset=0x1c40, size=4, W ->  0x1010101
[WARN  2] (hvisor::arch::loongarch64::zone:534) loongarch64: generic mmio handler, zone_era=0x900000000093c024, offset=0x1c44, size=4, W ->  0x1010101
[WARN  2] (hvisor::arch::loongarch64::zone:534) loongarch64: generic mmio handler, zone_era=0x900000000093c024, offset=0x1c48, size=4, W ->  0x1010101
[WARN  2] (hvisor::arch::loongarch64::zone:534) loongarch64: generic mmio handler, zone_era=0x900000000093c024, offset=0x1c4c, size=4, W ->  0x1010101
[WARN  2] (hvisor::arch::loongarch64::zone:534) loongarch64: generic mmio handler, zone_era=0x900000000093c024, offset=0x1c50, size=4, W ->  0x1010101
[WARN  2] (hvisor::arch::loongarch64::zone:534) loongarch64: generic mmio handler, zone_era=0x900000000093c024, offset=0x1c54, size=4, W ->  0x1010101
[WARN  2] (hvisor::arch::loongarch64::zone:534) loongarch64: generic mmio handler, zone_era=0x900000000093c024, offset=0x1c58, size=4, W ->  0x1010101
[WARN  2] (hvisor::arch::loongarch64::zone:534) loongarch64: generic mmio handler, zone_era=0x900000000093c024, offset=0x1c5c, size=4, W ->  0x1010101
[WARN  2] (hvisor::arch::loongarch64::zone:534) loongarch64: generic mmio handler, zone_era=0x900000000093c024, offset=0x1c60, size=4, W ->  0x1010101
[WARN  2] (hvisor::arch::loongarch64::zone:534) loongarch64: generic mmio handler, zone_era=0x900000000093c024, offset=0x1c64, size=4, W ->  0x1010101
[WARN  2] (hvisor::arch::loongarch64::zone:534) loongarch64: generic mmio handler, zone_era=0x900000000093c024, offset=0x1c68, size=4, W ->  0x1010101
[WARN  2] (hvisor::arch::loongarch64::zone:534) loongarch64: generic mmio handler, zone_era=0x900000000093c024, offset=0x1c6c, size=4, W ->  0x1010101
[WARN  2] (hvisor::arch::loongarch64::zone:534) loongarch64: generic mmio handler, zone_era=0x900000000093c024, offset=0x1c70, size=4, W ->  0x1010101
[WARN  2] (hvisor::arch::loongarch64::zone:534) loongarch64: generic mmio handler, zone_era=0x900000000093c024, offset=0x1c74, size=4, W ->  0x1010101
[WARN  2] (hvisor::arch::loongarch64::zone:534) loongarch64: generic mmio handler, zone_era=0x900000000093c024, offset=0x1c78, size=4, W ->  0x1010101
[WARN  2] (hvisor::arch::loongarch64::zone:534) loongarch64: generic mmio handler, zone_era=0x900000000093c024, offset=0x1c7c, size=4, W ->  0x1010101
[WARN  2] (hvisor::arch::loongarch64::zone:534) loongarch64: generic mmio handler, zone_era=0x900000000093c024, offset=0x1c80, size=4, W ->  0x1010101
[WARN  2] (hvisor::arch::loongarch64::zone:534) loongarch64: generic mmio handler, zone_era=0x900000000093c024, offset=0x1c84, size=4, W ->  0x1010101
[WARN  2] (hvisor::arch::loongarch64::zone:534) loongarch64: generic mmio handler, zone_era=0x900000000093c024, offset=0x1c88, size=4, W ->  0x1010101
[WARN  2] (hvisor::arch::loongarch64::zone:534) loongarch64: generic mmio handler, zone_era=0x900000000093c024, offset=0x1c8c, size=4, W ->  0x1010101
[WARN  2] (hvisor::arch::loongarch64::zone:534) loongarch64: generic mmio handler, zone_era=0x900000000093c024, offset=0x1c90, size=4, W ->  0x1010101
[WARN  2] (hvisor::arch::loongarch64::zone:534) loongarch64: generic mmio handler, zone_era=0x900000000093c024, offset=0x1c94, size=4, W ->  0x1010101
[WARN  2] (hvisor::arch::loongarch64::zone:534) loongarch64: generic mmio handler, zone_era=0x900000000093c024, offset=0x1c98, size=4, W ->  0x1010101
[WARN  2] (hvisor::arch::loongarch64::zone:534) loongarch64: generic mmio handler, zone_era=0x900000000093c024, offset=0x1c9c, size=4, W ->  0x1010101
[WARN  2] (hvisor::arch::loongarch64::zone:534) loongarch64: generic mmio handler, zone_era=0x900000000093c024, offset=0x1ca0, size=4, W ->  0x1010101
[WARN  2] (hvisor::arch::loongarch64::zone:534) loongarch64: generic mmio handler, zone_era=0x900000000093c024, offset=0x1ca4, size=4, W ->  0x1010101
[WARN  2] (hvisor::arch::loongarch64::zone:534) loongarch64: generic mmio handler, zone_era=0x900000000093c024, offset=0x1ca8, size=4, W ->  0x1010101
[WARN  2] (hvisor::arch::loongarch64::zone:534) loongarch64: generic mmio handler, zone_era=0x900000000093c024, offset=0x1cac, size=4, W ->  0x1010101
[WARN  2] (hvisor::arch::loongarch64::zone:534) loongarch64: generic mmio handler, zone_era=0x900000000093c024, offset=0x1cb0, size=4, W ->  0x1010101
[WARN  2] (hvisor::arch::loongarch64::zone:534) loongarch64: generic mmio handler, zone_era=0x900000000093c024, offset=0x1cb4, size=4, W ->  0x1010101
[WARN  2] (hvisor::arch::loongarch64::zone:534) loongarch64: generic mmio handler, zone_era=0x900000000093c024, offset=0x1cb8, size=4, W ->  0x1010101
[WARN  2] (hvisor::arch::loongarch64::zone:534) loongarch64: generic mmio handler, zone_era=0x900000000093c024, offset=0x1cbc, size=4, W ->  0x1010101
[WARN  2] (hvisor::arch::loongarch64::zone:534) loongarch64: generic mmio handler, zone_era=0x900000000093c024, offset=0x1cc0, size=4, W ->  0x1010101
[WARN  2] (hvisor::arch::loongarch64::zone:534) loongarch64: generic mmio handler, zone_era=0x900000000093c024, offset=0x1cc4, size=4, W ->  0x1010101
[WARN  2] (hvisor::arch::loongarch64::zone:534) loongarch64: generic mmio handler, zone_era=0x900000000093c024, offset=0x1cc8, size=4, W ->  0x1010101
[WARN  2] (hvisor::arch::loongarch64::zone:534) loongarch64: generic mmio handler, zone_era=0x900000000093c024, offset=0x1ccc, size=4, W ->  0x1010101
[WARN  2] (hvisor::arch::loongarch64::zone:534) loongarch64: generic mmio handler, zone_era=0x900000000093c024, offset=0x1cd0, size=4, W ->  0x1010101
[WARN  2] (hvisor::arch::loongarch64::zone:534) loongarch64: generic mmio handler, zone_era=0x900000000093c024, offset=0x1cd4, size=4, W ->  0x1010101
[WARN  2] (hvisor::arch::loongarch64::zone:534) loongarch64: generic mmio handler, zone_era=0x900000000093c024, offset=0x1cd8, size=4, W ->  0x1010101
[WARN  2] (hvisor::arch::loongarch64::zone:534) loongarch64: generic mmio handler, zone_era=0x900000000093c024, offset=0x1cdc, size=4, W ->  0x1010101
[WARN  2] (hvisor::arch::loongarch64::zone:534) loongarch64: generic mmio handler, zone_era=0x900000000093c024, offset=0x1ce0, size=4, W ->  0x1010101
[WARN  2] (hvisor::arch::loongarch64::zone:534) loongarch64: generic mmio handler, zone_era=0x900000000093c024, offset=0x1ce4, size=4, W ->  0x1010101
[WARN  2] (hvisor::arch::loongarch64::zone:534) loongarch64: generic mmio handler, zone_era=0x900000000093c024, offset=0x1ce8, size=4, W ->  0x1010101
[WARN  2] (hvisor::arch::loongarch64::zone:534) loongarch64: generic mmio handler, zone_era=0x900000000093c024, offset=0x1cec, size=4, W ->  0x1010101
[WARN  2] (hvisor::arch::loongarch64::zone:534) loongarch64: generic mmio handler, zone_era=0x900000000093c024, offset=0x1cf0, size=4, W ->  0x1010101
[WARN  2] (hvisor::arch::loongarch64::zone:534) loongarch64: generic mmio handler, zone_era=0x900000000093c024, offset=0x1cf4, size=4, W ->  0x1010101
[WARN  2] (hvisor::arch::loongarch64::zone:534) loongarch64: generic mmio handler, zone_era=0x900000000093c024, offset=0x1cf8, size=4, W ->  0x1010101
[WARN  2] (hvisor::arch::loongarch64::zone:534) loongarch64: generic mmio handler, zone_era=0x900000000093c024, offset=0x1cfc, size=4, W ->  0x1010101
[WARN  2] (hvisor::arch::loongarch64::zone:534) loongarch64: generic mmio handler, zone_era=0x900000000093c078, offset=0x1600, size=4, W ->  0xffffffffffffffff
[WARN  2] (hvisor::arch::loongarch64::zone:534) loongarch64: generic mmio handler, zone_era=0x900000000093c080, offset=0x1680, size=4, W ->  0xffffffffffffffff
[WARN  2] (hvisor::arch::loongarch64::zone:534) loongarch64: generic mmio handler, zone_era=0x900000000093c078, offset=0x1604, size=4, W ->  0xffffffffffffffff
[WARN  2] (hvisor::arch::loongarch64::zone:534) loongarch64: generic mmio handler, zone_era=0x900000000093c080, offset=0x1684, size=4, W ->  0xffffffffffffffff
[WARN  2] (hvisor::arch::loongarch64::zone:534) loongarch64: generic mmio handler, zone_era=0x900000000093c078, offset=0x1608, size=4, W ->  0xffffffffffffffff
[WARN  2] (hvisor::arch::loongarch64::zone:534) loongarch64: generic mmio handler, zone_era=0x900000000093c080, offset=0x1688, size=4, W ->  0xffffffffffffffff
[WARN  2] (hvisor::arch::loongarch64::zone:534) loongarch64: generic mmio handler, zone_era=0x900000000093c078, offset=0x160c, size=4, W ->  0xffffffffffffffff
[WARN  2] (hvisor::arch::loongarch64::zone:534) loongarch64: generic mmio handler, zone_era=0x900000000093c080, offset=0x168c, size=4, W ->  0xffffffffffffffff
[WARN  2] (hvisor::arch::loongarch64::zone:534) loongarch64: generic mmio handler, zone_era=0x900000000093c078, offset=0x1610, size=4, W ->  0xffffffffffffffff
[WARN  2] (hvisor::arch::loongarch64::zone:534) loongarch64: generic mmio handler, zone_era=0x900000000093c080, offset=0x1690, size=4, W ->  0xffffffffffffffff
[WARN  2] (hvisor::arch::loongarch64::zone:534) loongarch64: generic mmio handler, zone_era=0x900000000093c078, offset=0x1614, size=4, W ->  0xffffffffffffffff
[WARN  2] (hvisor::arch::loongarch64::zone:534) loongarch64: generic mmio handler, zone_era=0x900000000093c080, offset=0x1694, size=4, W ->  0xffffffffffffffff
[WARN  2] (hvisor::arch::loongarch64::zone:534) loongarch64: generic mmio handler, zone_era=0x900000000093c078, offset=0x1618, size=4, W ->  0xffffffffffffffff
[WARN  2] (hvisor::arch::loongarch64::zone:534) loongarch64: generic mmio handler, zone_era=0x900000000093c080, offset=0x1698, size=4, W ->  0xffffffffffffffff
[WARN  2] (hvisor::arch::loongarch64::zone:534) loongarch64: generic mmio handler, zone_era=0x900000000093c078, offset=0x161c, size=4, W ->  0xffffffffffffffff
[WARN  2] (hvisor::arch::loongarch64::zone:534) loongarch64: generic mmio handler, zone_era=0x900000000093c080, offset=0x169c, size=4, W ->  0xffffffffffffffff
[INFO  2] (hvisor::arch::loongarch64::trap:1297) cpucfg emulation, target cpucfg index is 0x2
[INFO  2] (hvisor::arch::loongarch64::trap:1297) cpucfg emulation, target cpucfg index is 0x4
[INFO  2] (hvisor::arch::loongarch64::trap:1297) cpucfg emulation, target cpucfg index is 0x5
[INFO  2] (hvisor::arch::loongarch64::trap:1334) csrrd emulation for CSR 0x380
[INFO  2] (hvisor::arch::loongarch64::trap:1334) csrrd emulation for CSR 0x300
[WARN  2] (hvisor::arch::loongarch64::zone:534) loongarch64: generic mmio handler, zone_era=0x9000000000ea6088, offset=0x1048, size=8, W ->  0x80000004
[WARN  2] (hvisor::arch::loongarch64::zone:534) loongarch64: generic mmio handler, zone_era=0x9000000000ea6090, offset=0x1048, size=8, W ->  0x80000000
[INFO  2] (hvisor::arch::loongarch64::trap:1297) cpucfg emulation, target cpucfg index is 0x6
[INFO  2] (hvisor::arch::loongarch64::trap:1340) csrwr emulation for CSR 0x200
[INFO  2] (hvisor::arch::loongarch64::trap:1340) csrwr emulation for CSR 0x201
[INFO  2] (hvisor::arch::loongarch64::trap:1340) csrwr emulation for CSR 0x202
[INFO  2] (hvisor::arch::loongarch64::trap:1340) csrwr emulation for CSR 0x203
[INFO  2] (hvisor::arch::loongarch64::trap:1340) csrwr emulation for CSR 0x204
[INFO  2] (hvisor::arch::loongarch64::trap:1340) csrwr emulation for CSR 0x205
[INFO  2] (hvisor::arch::loongarch64::trap:1340) csrwr emulation for CSR 0x206
[INFO  2] (hvisor::arch::loongarch64::trap:1340) csrwr emulation for CSR 0x207
[INFO  2] (hvisor::arch::loongarch64::trap:1334) csrrd emulation for CSR 0x380
[INFO  2] (hvisor::arch::loongarch64::trap:1334) csrrd emulation for CSR 0x300
tart d0000000, virtual_start 90000000, size 10000000

00:00:13 DEBUG hvisor.c:398: memory_region 2: type 1, physical_start 1fe00000, virtual_start 1fe00000, size 1000

00:00:13 DEBUG hvisor.c:398: memory_region 3: type 1, physical_start 10080000, virtual_start 10080000, size 1000

00:00:13 DEBUG hvisor.c:398: memory_region 4: type 2, physical_start 30001000, virtual_start 30001000, size 200

00:00:13 DEBUG hvisor.c:398: memory_region 5: type 2, physical_start 30002000, virtual_start 30002000, size 200

00:00:13 DEBUG hvisor.c:398: memory_region 6: type 1, physical_start ffffffff0000, virtual_start ffffffff0000, size 1000

00:00:13 DEBUG hvisor.c:398: memory_region 7: type 1, physical_start 10000000, virtual_start 10000000, size 1000

00:00:13 DEBUG hvisor.c:398: memory_region 8: type 1, physical_start 100d0000, virtual_start 100d0000, size 1000

00:00:13 DEBUG hvisor.c:398: memory_region 9: type 1, physical_start efe00000000, virtual_start fe00000000, size 20000000

00:00:13 DEBUG hvisor.c:398: memory_region 10: type 1, [WARN  2] (hvisor::arch::loongarch64::zone:534) loongarch64: generic mmio handler, zone_era=0x900000000093bd10, offset=0x1158, size=8, W ->  0xfffffffe80001608
[WARN  2] (hvisor::arch::loongarch64::zone:534) loongarch64: generic mmio handler, zone_era=0x900000000093be28, offset=0x1158, size=8, W ->  0x1f0001c40
[WARN  2] (hvisor::arch::loongarch64::zone:534) loongarch64: generic mmio handler, zone_era=0x900000000093bdec, offset=0x1158, size=8, W ->  0xffffffff80001608
[WARN  2] (hvisor::arch::loongarch64::zone:534) loongarch64: generic mmio handler, zone_era=0x900000000093bd10, offset=0x1158, size=8, W ->  0xfffffffd80001608
[WARN  2] (hvisor::arch::loongarch64::zone:534) loongarch64: generic mmio handler, zone_era=0x900000000093be28, offset=0x1158, size=8, W ->  0x100e8001c40
[WARN  2] (hvisor::arch::loongarch64::zone:534) loongarch64: generic mmio handler, zone_era=0x900000000093bdec, offset=0x1158, size=8, W ->  0xffffffff80001608
[WARN  2] (hvisor::arch::loongarch64::zone:534) loongarch64: generic mmio handler, zone_era=0x900000000093bd10, offset=0x1158, size=8, W ->  0xfffffffb80001608
[WARN  2] (hvisor::arch::loongarch64::zone:534) loongarch64: generic mmio handler, zone_era=0x900000000093be28, offset=0x1158, size=8, W ->  0x10000d8001c40
[WARN  2] (hvisor::arch::loongarch64::zone:534) loongarch64: generic mmio handler, zone_era=0x900000000093bdec, offset=0x1158, size=8, W ->  0xffffffff80001608
[WARN  2] (hvisor::arch::loongarch64::zone:534) loongarch64: generic mmio handler, zone_era=0x900000000093bd10, offset=0x1158, size=8, W ->  0xfffffff780001608
[WARN  2] (hvisor::arch::loongarch64::zone:534) loongarch64: generic mmio handler, zone_era=0x900000000093be28, offset=0x1158, size=8, W ->  0x1000000b8001c40
[WARN  2] (hvisor::arch::loongarch64::zone:534) loongarch64: generic mmio handler, zone_era=0x900000000093bdec, offset=0x1158, size=8, W ->  0xffffffff80001608
[WARN  2] (hvisor::arch::loongarch64::zone:534) loongarch64: generic mmio handler, zone_era=0x900000000093bd10, offset=0x1158, size=8, W ->  0xffffffef80001608
[WARN  2] (hvisor::arch::loongarch64::zone:534) loongarch64: generic mmio handler, zone_era=0x900000000093be28, offset=0x1158, size=8, W ->  0x1f0001c44
[WARN  2] (hvisor::arch::loongarch64::zone:534) loongarch64: generic mmio handler, zone_era=0x900000000093bdec, offset=0x1158, size=8, W ->  0xffffffff80001608
[WARN  2] (hvisor::arch::loongarch64::zone:534) loongarch64: generic mmio handler, zone_era=0x900000000093bd10, offset=0x1158, size=8, W ->  0xffffffdf80001608
[WARN  2] (hvisor::arch::loongarch64::zone:534) loongarch64: generic mmio handler, zone_era=0x900000000093be28, offset=0x1158, size=8, W ->  0x100e8001c44
[WARN  2] (hvisor::arch::loongarch64::zone:534) loongarch64: generic mmio handler, zone_era=0x900000000093bdec, offset=0x1158, size=8, W ->  0xffffffff80001608
[WARN  2] (hvisor::arch::loongarch64::zone:534) loongarch64: generic mmio handler, zone_era=0x900000000093bd10, offset=0x1158, size=8, W ->  0xffffffbf80001608
[WARN  2] (hvisor::arch::loongarch64::zone:534) loongarch64: generic mmio handler, zone_era=0x900000000093be28, offset=0x1158, size=8, W ->  0x10000d8001c44
[WARN  2] (hvisor::arch::loongarch64::zone:534) loongarch64: generic mmio handler, zone_era=0x900000000093bdec, offset=0x1158, size=8, W ->  0xffffffff80001608
[WARN  2] (hvisor::arch::loongarch64::zone:534) loongarch64: generic mmio handler, zone_era=0x900000000093bd10, offset=0x1158, size=8, W ->  0xffffff7f80001608
[WARN  2] (hvisor::arch::loongarch64::zone:534) loongarch64: generic mmio handler, zone_era=0x900000000093be28, offset=0x1158, size=8, W ->  0x1000000b8001c44
[WARN  2] (hvisor::arch::loongarch64::zone:534) loongarch64: generic mmio handler, zone_era=0x900000000093bdec, offset=0x1158, size=8, W ->  0xffffffff80001608
physical_start 18408000, virtual_start 18408000, size 8000

00:00:13 DEBUG hvisor.c:398: memory_region 11: type 1, physical_start 60000000, virtual_start 60000000, size 20000000

00:00:13 DEBUG hvisor.c:398: memory_region 12: type 1, physical_start 10010000, virtual_start 10010000, size 10000

Kernel size: 33619968, DTB size: 20480
Zone name: linux2
Calling ioctl to start zone: [linux2]
[root@dedsec /]# [WARN  2] (hvisor::arch::loongarch64::zone:534) loongarch64: generic mmio handler, zone_era=0x900000000093bd10, offset=0x1158, size=8, W ->  0xfffffeff80001600
[WARN  2] (hvisor::arch::loongarch64::zone:534) loongarch64: generic mmio handler, zone_era=0x900000000093be28, offset=0x1158, size=8, W ->  0x1f0001c08
[WARN  2] (hvisor::arch::loongarch64::zone:534) loongarch64: generic mmio handler, zone_era=0x900000000093bdec, offset=0x1158, size=8, W ->  0xffffffff80001600
[WARN  2] (hvisor::arch::loongarch64::zone:534) loongarch64: generic mmio handler, zone_era=0x9000000004dc8720, offset=0x1040, size=4, W ->  0xffffffff80000003
[INFO  2] (hvisor::arch::loongarch64::trap:1297) cpucfg emulation, target cpucfg index is 0x0
[INFO  2] (hvisor::arch::loongarch64::trap:1297) cpucfg emulation, target cpucfg index is 0x0
[INFO  2] (hvisor::arch::loongarch64::trap:1297) cpucfg emulation, target cpucfg index is 0x0



UART1:

Hello, UART1!
[    0.000000] Linux version 6.13.7 (wheatfox@dedsec-amd0) (loongarch64-unknown-linux-gnu-gcc (GCC) 13.0.1 20230316 (experimental), GNU ld (GNU Binutils) 2.40.50.20230316) #210 SMP PREEMPT_RT Wed May  7 22:21:15 CST 2025
[    0.000000] Loongson-64bit Processor probed (LA664 Core)
[    0.000000] CPU0 revision is: 0014d000 (Loongson-64bit)
[    0.000000] FPU0 revision is: 00000000
[    0.000000] ACPI: Early table checksum verification disabled
[    0.000000] OF: reserved mem: Reserved memory: No reserved-memory node in the DT
[    0.000000] DMI not present or invalid.
[    0.000000] The BIOS Version: (null)
[    0.000000] software IO TLB: area num 1.
[    0.000000] software IO TLB: mapped [mem 0x0000000002210000-0x0000000006210000] (64MB)
[    0.000000] PM: hibernation: Registered nosave memory: [mem 0x01ddc000-0x01ddcfff]
[    0.000000] Detected 1 available CPU(s)
[    0.000000] SMP: Allowing 1 CPUs, 0 hotplug CPUs
[    0.000000] Zone ranges:
[    0.000000]   DMA32    [mem 0x0000000000200000-0x00000000ffffffff]
[    0.000000]   Normal   empty
[    0.000000] Movable zone start for each node
[    0.000000] Early memory node ranges
[    0.000000]   node   0: [mem 0x0000000000200000-0x000000000effffff]
[    0.000000]   node   0: [mem 0x0000000090000000-0x000000009fffffff]
[    0.000000] Initmem setup node 0 [mem 0x0000000000200000-0x000000009fffffff]
[    0.000000] On node 0, zone DMA32: 512 pages in unavailable ranges
[    0.000000] On node 0, zone DMA32: 135168 pages in unavailable ranges
[    0.000000] percpu: Embedded 21 pages/cpu s45808 r8192 d32016 u86016
[    0.000000] pcpu-alloc: s45808 r8192 d32016 u86016 alloc=21*4096
[    0.000000] pcpu-alloc: [0] 0 
[    0.000000] Kernel command line: earlycon console=ttyS0,115200n8 initramfs_async=false rootwait debug 
[    0.000000] printk: log buffer data + meta data: 262144 + 917504 = 1179648 bytes
[    0.000000] Dentry cache hash table entries: 65536 (order: 7, 524288 bytes, linear)
[    0.000000] Inode-cache hash table entries: 32768 (order: 6, 262144 bytes, linear)
[    0.000000] Built 1 zonelists, mobility grouping on.  Total pages: 126464
[    0.000000] mem auto-init: stack:all(zero), heap alloc:off, heap free:off
[    0.000000] SLUB: HWalign=64, Order=0-3, MinObjects=0, CPUs=1, Nodes=1
[    0.000000] Dynamic Preempt: full
[    0.000000] rcu: Preemptible hierarchical RCU implementation.
[    0.000000] rcu: 	RCU event tracing is enabled.
[    0.000000] rcu: 	RCU restricting CPUs from NR_CPUS=64 to nr_cpu_ids=1.
[    0.000000] rcu: 	RCU priority boosting: priority 1 delay 500 ms.
[    0.000000] rcu: 	RCU_SOFTIRQ processing moved to rcuc kthreads.
[    0.000000] 	No expedited grace period (rcu_normal_after_boot).
[    0.000000] 	Trampoline variant of Tasks RCU enabled.
[    0.000000] 	Tracing variant of Tasks RCU enabled.
[    0.000000] rcu: RCU calculated value of scheduler-enlistment delay is 10 jiffies.
[    0.000000] rcu: Adjusting geometry for rcu_fanout_leaf=16, nr_cpu_ids=1
[    0.000000] RCU Tasks: Setting shift to 0 and lim to 1 rcu_task_cb_adjust=1 rcu_task_cpu_ids=1.
[    0.000000] RCU Tasks Trace: Setting shift to 0 and lim to 1 rcu_task_cb_adjust=1 rcu_task_cpu_ids=1.
[    0.000000] NR_IRQS: 16960, nr_irqs: 320, preallocated irqs: 16
[    0.000000] rcu: srcu_init: Setting srcu_struct sizes based on contention.
[    0.000000] Constant clock event device register
[    0.000000] clocksource: Constant: mask: 0xffffffffffffffff max_cycles: 0x171024e7e0, max_idle_ns: 440795205315 ns
[    0.000000] sched_clock: 64 bits at 100MHz, resolution 10ns, wraps every 4398046511100ns
[    0.000003] Constant clock source device register
[    0.000277] Console: colour dummy device 80x25
[    0.000304] Calibrating delay loop (skipped), value calculated using timer frequency.. 200.00 BogoMIPS (lpj=1000000)
[    0.000312] pid_max: default: 32768 minimum: 301
[    0.000341] LSM: initializing lsm=capability,yama
[    0.000359] Yama: becoming mindful.
[    0.000412] Mount-cache hash table entries: 1024 (order: 1, 8192 bytes, linear)
[    0.000419] Mountpoint-cache hash table entries: 1024 (order: 1, 8192 bytes, linear)
[    0.000886] ACPI PPTT: No PPTT table found, CPU and cache topology may be inaccurate
[    0.000889] Invalid BIOS PPTT
[    0.001743] rcu: Hierarchical SRCU implementation.
[    0.001746] rcu: 	Max phase no-delay instances is 1000.
[    0.002151] smp: Bringing up secondary CPUs ...
[    0.002161] smp: Brought up 1 node, 1 CPU
[    0.002201] Memory: 387660K/505856K available (12800K kernel code, 3519K rwdata, 4248K rodata, 11328K init, 806K bss, 116456K reserved, 0K cma-reserved)
[    0.002401] devtmpfs: initialized
[    0.003354] Performance counters: loongarch/loongson64 PMU enabled, 4 64-bit counters available to each CPU.
[    0.004393] clocksource: jiffies: mask: 0xffffffff max_cycles: 0xffffffff, max_idle_ns: 19112604462750000 ns
[    0.004400] futex hash table entries: 256 (order: 2, 16384 bytes, linear)
[    0.004764] NET: Registered PF_NETLINK/PF_ROUTE protocol family
[    0.005447] thermal_sys: Registered thermal governor 'step_wise'
[    0.005738] hw-breakpoint: Found 0 breakpoint and 0 watchpoint registers.
[    0.007656] HugeTLB: registered 2.00 MiB page size, pre-allocated 0 pages
[    0.007659] HugeTLB: 28 KiB vmemmap can be freed for a 2.00 MiB page
[    0.177526] raid6: lasx     gen() 22091 MB/s
[    0.347525] raid6: lsx      gen() 13555 MB/s
[    0.517538] raid6: int64x8  gen()  4119 MB/s
[    0.687531] raid6: int64x4  gen()  5383 MB/s
[    0.857525] raid6: int64x2  gen()  4774 MB/s
[    1.027544] raid6: int64x1  gen()  3093 MB/s
[    1.027547] raid6: using algorithm lasx gen() 22091 MB/s
[    1.197537] raid6: .... xor() 11668 MB/s, rmw enabled
[    1.197539] raid6: using lasx recovery algorithm
[    1.197666] ACPI: Interpreter disabled.
[    1.197710] iommu: Default domain type: Translated
[    1.197712] iommu: DMA domain TLB invalidation policy: strict mode
[    1.197886] SCSI subsystem initialized
[    1.197986] libata version 3.00 loaded.
[    1.198098] pps_core: LinuxPPS API ver. 1 registered
[    1.198100] pps_core: Software ver. 5.3.6 - Copyright 2005-2007 Rodolfo Giometti <giometti@linux.it>
[    1.198734] vgaarb: loaded
[    1.198791] clocksource: Switched to clocksource Constant
[    1.198955] VFS: Disk quotas dquot_6.6.0
[    1.198968] VFS: Dquot-cache hash table entries: 512 (order 0, 4096 bytes)
[    1.199065] pnp: PnP ACPI: disabled
[    1.204810] NET: Registered PF_INET protocol family
[    1.204883] IP idents hash table entries: 8192 (order: 4, 65536 bytes, linear)
[    1.205124] tcp_listen_portaddr_hash hash table entries: 256 (order: 1, 10240 bytes, linear)
[    1.205131] Table-perturb hash table entries: 65536 (order: 6, 262144 bytes, linear)
[    1.205138] TCP established hash table entries: 4096 (order: 3, 32768 bytes, linear)
[    1.205157] TCP bind hash table entries: 4096 (order: 6, 327680 bytes, linear)
[    1.205197] TCP: Hash tables configured (established 4096 bind 4096)
[    1.205234] UDP hash table entries: 256 (order: 3, 40960 bytes, linear)
[    1.205248] UDP-Lite hash table entries: 256 (order: 3, 40960 bytes, linear)
[    1.205317] NET: Registered PF_UNIX/PF_LOCAL protocol family
[    1.205339] NET: Registered PF_XDP protocol family
[    1.205348] PCI: CLS 0 bytes, default 64
[    1.459715] Initialise system trusted keyrings
[    1.459803] workingset: timestamp_bits=46 max_order=17 bucket_order=0
[    1.459843] zbud: loaded
[    1.460111] squashfs: version 4.0 (2009/01/31) Phillip Lougher
[    1.460293] SGI XFS with ACLs, security attributes, quota, no debug enabled
[    1.470558] xor: measuring software checksum speed
[    1.470796]    8regs           : 13967 MB/sec
[    1.471124]    8regs_prefetch  : 10060 MB/sec
[    1.471364]    32regs          : 13765 MB/sec
[    1.471693]    32regs_prefetch : 10031 MB/sec
[    1.471926]    lsx             : 14119 MB/sec
[    1.472070]    lasx            : 22975 MB/sec
[    1.472072] xor: using function: lasx (22975 MB/sec)
[    1.472077] Key type asymmetric registered
[    1.472080] Asymmetric key parser 'x509' registered
[    1.474571] Block layer SCSI generic (bsg) driver version 0.4 loaded (major 250)
[    1.484657] io scheduler mq-deadline registered
[    1.484661] io scheduler kyber registered
[    1.484680] io scheduler bfq registered
[    1.486690] shpchp: Standard Hot Plug PCI Controller Driver version: 0.4
[    1.486753] loongson-pci 1a000000.pcie: host bridge /pcie@1a000000 ranges:
[    1.486768] loongson-pci 1a000000.pcie:       IO 0x0018408000..0x001840ffff -> 0x0000008000
[    1.486780] loongson-pci 1a000000.pcie:      MEM 0x0060000000..0x007fffffff -> 0x0060000000
[    1.486793] [wheatfox] loongson_pci_probe: found bridge pcie
[    1.486797] [kai] loongson_pci_reg1: start=fe00000000, end=fe1fffffff
[    1.486805] [kai] loongson_cfg1_base=800000fe00000000
[    1.486807] [wheatfox] loongson_pci_probe: bridge pcie initialized, calling pci_host_probe
[    1.486907] loongson-pci 1a000000.pcie: PCI host bridge to bus 0000:00
[    1.486914] pci_bus 0000:00: root bus resource [bus 00-ff]
[    1.486921] pci_bus 0000:00: root bus resource [io  0x0000-0x7fff] (bus address [0x8000-0xffff])
[    1.486924] pci_bus 0000:00: root bus resource [mem 0x60000000-0x7fffffff]
[    1.486947] pci 0000:00:00.0: [0014:7a00] type 00 class 0x060000 conventional PCI endpoint
[    1.487085] pci 0000:00:00.1: [0014:7a10] type 00 class 0x060000 conventional PCI endpoint
[    1.487197] pci 0000:00:00.2: [0014:7a20] type 00 class 0x060000 conventional PCI endpoint
[    1.487309] pci 0000:00:00.3: [0014:7a30] type 00 class 0x060000 conventional PCI endpoint
[    1.487434] pci 0000:00:04.0: [0014:7a24] type 00 class 0x0c0310 conventional PCI endpoint
[    1.487443] pci 0000:00:04.0: BAR 0 [mem 0x45940000-0x45947fff 64bit]
[    1.487550] pci 0000:00:04.1: [0014:7a14] type 00 class 0x0c0320 conventional PCI endpoint
[    1.487558] pci 0000:00:04.1: BAR 0 [mem 0x45948000-0x4594ffff 64bit]
[    1.487672] pci 0000:00:05.0: [0014:7a24] type 00 class 0x0c0310 conventional PCI endpoint
[    1.487680] pci 0000:00:05.0: BAR 0 [mem 0x45950000-0x45957fff 64bit]
[    1.487786] pci 0000:00:05.1: [0014:7a14] type 00 class 0x0c0320 conventional PCI endpoint
[    1.487795] pci 0000:00:05.1: BAR 0 [mem 0x45958000-0x4595ffff 64bit]
[    1.487902] pci 0000:00:06.0: [0014:7a25] type 00 class 0x040000 conventional PCI endpoint
[    1.487911] pci 0000:00:06.0: BAR 0 [mem 0x45960000-0x459600ff 64bit]
[    1.487917] pci 0000:00:06.0: BAR 2 [mem 0x30000000-0x3fffffff 64bit]
[    1.487922] pci 0000:00:06.0: BAR 4 [mem 0x45900000-0x4590ffff 64bit]
[    1.488024] pci 0000:00:06.1: [0014:7a36] type 00 class 0x030000 conventional PCI endpoint
[    1.488032] pci 0000:00:06.1: BAR 0 [mem 0x45910000-0x4591ffff 64bit]
[    1.488128] pci 0000:00:06.1: vgaarb: setting as boot VGA device
[    1.488131] pci 0000:00:06.1: vgaarb: bridge control possible
[    1.488134] pci 0000:00:06.1: vgaarb: VGA device added: decodes=io+mem,owns=io+mem,locks=none
[    1.488159] pci 0000:00:06.2: [0014:7a37] type 00 class 0x040300 conventional PCI endpoint
[    1.488167] pci 0000:00:06.2: BAR 0 [mem 0x45920000-0x4592ffff 64bit]
[    1.488278] pci 0000:00:07.0: [0014:7a07] type 00 class 0x040300 conventional PCI endpoint
[    1.488286] pci 0000:00:07.0: BAR 0 [mem 0x45930000-0x4593ffff 64bit]
[    1.488396] pci 0000:00:08.0: [0014:7a18] type 00 class 0x010601 conventional PCI endpoint
[    1.488411] pci 0000:00:08.0: BAR 5 [mem 0x4596b000-0x4596b3ff]
[    1.488520] pci 0000:00:09.0: [0014:7a49] type 01 class 0x060400 PCIe Root Port
[    1.488531] pci 0000:00:09.0: BAR 0 [mem 0x45961000-0x45961fff 64bit]
[    1.488537] pci 0000:00:09.0: PCI bridge to [bus 01]
[    1.488575] pci 0000:00:09.0: supports D1 D2
[    1.488577] pci 0000:00:09.0: PME# supported from D0 D1 D3hot D3cold
[    1.488737] pci 0000:00:0a.0: [0014:7a39] type 01 class 0x060400 PCIe Root Port
[    1.488748] pci 0000:00:0a.0: BAR 0 [mem 0x45962000-0x45962fff 64bit]
[    1.488754] pci 0000:00:0a.0: PCI bridge to [bus 02]
[    1.488759] pci 0000:00:0a.0:   bridge window [io  0x20000-0x20fff]
[    1.488762] pci 0000:00:0a.0:   bridge window [mem 0x45800000-0x458fffff]
[    1.488873] pci 0000:00:0a.0: supports D1 D2
[    1.488876] pci 0000:00:0a.0: PME# supported from D0 D1 D3hot D3cold
[    1.489028] pci 0000:00:0b.0: [0014:7a39] type 01 class 0x060400 PCIe Root Port
[    1.489040] pci 0000:00:0b.0: BAR 0 [mem 0x45963000-0x45963fff 64bit]
[    1.489047] pci 0000:00:0b.0: PCI bridge to [bus 03]
[    1.489083] pci 0000:00:0b.0: supports D1 D2
[    1.489086] pci 0000:00:0b.0: PME# supported from D0 D1 D3hot D3cold
[    1.489237] pci 0000:00:0c.0: [0014:7a39] type 01 class 0x060400 PCIe Root Port
[    1.489248] pci 0000:00:0c.0: BAR 0 [mem 0x45964000-0x45964fff 64bit]
[    1.489254] pci 0000:00:0c.0: PCI bridge to [bus 04]
[    1.489290] pci 0000:00:0c.0: supports D1 D2
[    1.489292] pci 0000:00:0c.0: PME# supported from D0 D1 D3hot D3cold
[    1.489440] pci 0000:00:0d.0: [0014:7a49] type 01 class 0x060400 PCIe Root Port
[    1.489449] pci 0000:00:0d.0: BAR 0 [mem 0x45965000-0x45965fff 64bit]
[    1.489454] pci 0000:00:0d.0: PCI bridge to [bus 05]
[    1.489460] pci 0000:00:0d.0:   bridge window [mem 0x45700000-0x457fffff]
[    1.489485] pci 0000:00:0d.0: supports D1 D2
[    1.489487] pci 0000:00:0d.0: PME# supported from D0 D1 D3hot D3cold
[    1.489638] pci 0000:00:0f.0: [0014:7a69] type 01 class 0x060400 PCIe Root Port
[    1.489648] pci 0000:00:0f.0: BAR 0 [mem 0x45966000-0x45966fff 64bit]
[    1.489653] pci 0000:00:0f.0: PCI bridge to [bus 06-07]
[    1.489658] pci 0000:00:0f.0:   bridge window [mem 0x45200000-0x456fffff]
[    1.489663] pci 0000:00:0f.0:   bridge window [mem 0x45000000-0x450fffff 64bit pref]
[    1.489687] pci 0000:00:0f.0: supports D1 D2
[    1.489690] pci 0000:00:0f.0: PME# supported from D0 D1 D3hot D3cold
[    1.489839] pci 0000:00:10.0: [0014:7a59] type 01 class 0x060400 PCIe Root Port
[    1.489850] pci 0000:00:10.0: BAR 0 [mem 0x45967000-0x45967fff 64bit]
[    1.489856] pci 0000:00:10.0: PCI bridge to [bus 08]
[    1.489891] pci 0000:00:10.0: supports D1 D2
[    1.489893] pci 0000:00:10.0: PME# supported from D0 D1 D3hot D3cold
[    1.490053] pci 0000:00:13.0: [0014:7a59] type 01 class 0x060400 PCIe Root Port
[    1.490064] pci 0000:00:13.0: BAR 0 [mem 0x45968000-0x45968fff 64bit]
[    1.490070] pci 0000:00:13.0: PCI bridge to [bus 09]
[    1.490106] pci 0000:00:13.0: supports D1 D2
[    1.490109] pci 0000:00:13.0: PME# supported from D0 D1 D3hot D3cold
[    1.490269] pci 0000:00:16.0: [0014:7a1b] type 00 class 0x088000 conventional PCI endpoint
[    1.490278] pci 0000:00:16.0: BAR 0 [mem 0x45969000-0x45969fff 64bit]
[    1.490284] pci 0000:00:16.0: BAR 2 [mem 0x44000000-0x44ffffff 64bit]
[    1.490400] pci 0000:00:19.0: [0014:7a34] type 00 class 0x0c0330 conventional PCI endpoint
[    1.490408] pci 0000:00:19.0: BAR 0 [mem 0x45100000-0x451fffff 64bit]
[    1.490520] pci 0000:00:1a.0: [0014:7a1f] type 00 class 0x080600 conventional PCI endpoint
[    1.490528] pci 0000:00:1a.0: BAR 0 [mem 0x4596a000-0x4596a3ff 64bit]
[    1.490533] pci 0000:00:1a.0: BAR 2 [mem 0x40000000-0x43ffffff 64bit]
[    1.490540] pci 0000:00:1a.0: ROM [mem 0xfffff800-0xffffffff pref]
[    1.490818] pci 0000:02:00.0: [1f0a:6801] type 00 class 0x020000 PCIe Endpoint
[    1.490859] pci 0000:02:00.0: BAR 0 [mem 0x45800000-0x45803fff 64bit]
[    1.490908] pci 0000:02:00.0: BAR 4 [io  0x20000-0x200ff]
[    1.491069] pci 0000:02:00.0: supports D1
[    1.491072] pci 0000:02:00.0: PME# supported from D0 D1 D3hot D3cold
[    1.491507] pci 0000:05:00.0: [1e4b:1202] type 00 class 0x010802 PCIe Endpoint
[    1.491524] pci 0000:05:00.0: BAR 0 [mem 0x45700000-0x45703fff 64bit]
[    1.491620] pci 0000:05:00.0: PME# supported from D0 D3hot D3cold
[    1.491908] pci 0000:06:00.0: [8086:1521] type 00 class 0x020000 PCIe Endpoint
[    1.491929] pci 0000:06:00.0: BAR 0 [mem 0x45500000-0x455fffff]
[    1.491958] pci 0000:06:00.0: BAR 3 [mem 0x4560c000-0x4560ffff]
[    1.492089] pci 0000:06:00.0: PME# supported from D0 D3hot D3cold
[    1.492130] pci 0000:06:00.0: VF BAR 0 [mem 0x450e0000-0x450e3fff 64bit pref]
[    1.492134] pci 0000:06:00.0: VF BAR 0 [mem 0x450e0000-0x450fffff 64bit pref]: contains BAR 0 for 8 VFs
[    1.492159] pci 0000:06:00.0: VF BAR 3 [mem 0x450c0000-0x450c3fff 64bit pref]
[    1.492162] pci 0000:06:00.0: VF BAR 3 [mem 0x450c0000-0x450dffff 64bit pref]: contains BAR 3 for 8 VFs
[    1.492462] pci 0000:06:00.1: [8086:1521] type 00 class 0x020000 PCIe Endpoint
[    1.492482] pci 0000:06:00.1: BAR 0 [mem 0x45400000-0x454fffff]
[    1.492511] pci 0000:06:00.1: BAR 3 [mem 0x45608000-0x4560bfff]
[    1.492635] pci 0000:06:00.1: PME# supported from D0 D3hot D3cold
[    1.492676] pci 0000:06:00.1: VF BAR 0 [mem 0x450a0000-0x450a3fff 64bit pref]
[    1.492680] pci 0000:06:00.1: VF BAR 0 [mem 0x450a0000-0x450bffff 64bit pref]: contains BAR 0 for 8 VFs
[    1.492706] pci 0000:06:00.1: VF BAR 3 [mem 0x45080000-0x45083fff 64bit pref]
[    1.492709] pci 0000:06:00.1: VF BAR 3 [mem 0x45080000-0x4509ffff 64bit pref]: contains BAR 3 for 8 VFs
[    1.492995] pci 0000:06:00.2: [8086:1521] type 00 class 0x020000 PCIe Endpoint
[    1.493015] pci 0000:06:00.2: BAR 0 [mem 0x45300000-0x453fffff]
[    1.493044] pci 0000:06:00.2: BAR 3 [mem 0x45604000-0x45607fff]
[    1.493170] pci 0000:06:00.2: PME# supported from D0 D3hot D3cold
[    1.493211] pci 0000:06:00.2: VF BAR 0 [mem 0x45060000-0x45063fff 64bit pref]
[    1.493214] pci 0000:06:00.2: VF BAR 0 [mem 0x45060000-0x4507ffff 64bit pref]: contains BAR 0 for 8 VFs
[    1.493240] pci 0000:06:00.2: VF BAR 3 [mem 0x45040000-0x45043fff 64bit pref]
[    1.493242] pci 0000:06:00.2: VF BAR 3 [mem 0x45040000-0x4505ffff 64bit pref]: contains BAR 3 for 8 VFs
[    1.493528] pci 0000:06:00.3: [8086:1521] type 00 class 0x020000 PCIe Endpoint
[    1.493549] pci 0000:06:00.3: BAR 0 [mem 0x45200000-0x452fffff]
[    1.493577] pci 0000:06:00.3: BAR 3 [mem 0x45600000-0x45603fff]
[    1.493703] pci 0000:06:00.3: PME# supported from D0 D3hot D3cold
[    1.493744] pci 0000:06:00.3: VF BAR 0 [mem 0x45020000-0x45023fff 64bit pref]
[    1.493747] pci 0000:06:00.3: VF BAR 0 [mem 0x45020000-0x4503ffff 64bit pref]: contains BAR 0 for 8 VFs
[    1.493773] pci 0000:06:00.3: VF BAR 3 [mem 0x45000000-0x45003fff 64bit pref]
[    1.493776] pci 0000:06:00.3: VF BAR 3 [mem 0x45000000-0x4501ffff 64bit pref]: contains BAR 3 for 8 VFs
[    1.494191] pci 0000:00:0f.0: bridge window [mem 0x00100000-0x000fffff 64bit pref] to [bus 06-07] add_size 100000 add_align 100000
[    1.494221] pci 0000:00:06.0: BAR 2 [mem 0x60000000-0x6fffffff 64bit]: assigned
[    1.494229] pci 0000:00:1a.0: BAR 2 [mem 0x70000000-0x73ffffff 64bit]: assigned
[    1.494236] pci 0000:00:16.0: BAR 2 [mem 0x74000000-0x74ffffff 64bit]: assigned
[    1.494242] pci 0000:00:0a.0: bridge window [mem 0x75000000-0x750fffff]: assigned
[    1.494247] pci 0000:00:0d.0: bridge window [mem 0x75100000-0x751fffff]: assigned
[    1.494250] pci 0000:00:0f.0: bridge window [mem 0x75200000-0x756fffff]: assigned
[    1.494253] pci 0000:00:0f.0: bridge window [mem 0x75700000-0x757fffff 64bit pref]: assigned
[    1.494257] pci 0000:00:19.0: BAR 0 [mem 0x75800000-0x758fffff 64bit]: assigned
[    1.494263] pci 0000:00:06.0: BAR 4 [mem 0x75900000-0x7590ffff 64bit]: assigned
[    1.494269] pci 0000:00:06.1: BAR 0 [mem 0x75910000-0x7591ffff 64bit]: assigned
[    1.494275] pci 0000:00:06.2: BAR 0 [mem 0x75920000-0x7592ffff 64bit]: assigned
[    1.494281] pci 0000:00:07.0: BAR 0 [mem 0x75930000-0x7593ffff 64bit]: assigned
[    1.494287] pci 0000:00:04.0: BAR 0 [mem 0x75940000-0x75947fff 64bit]: assigned
[    1.494294] pci 0000:00:04.1: BAR 0 [mem 0x75948000-0x7594ffff 64bit]: assigned
[    1.494300] pci 0000:00:05.0: BAR 0 [mem 0x75950000-0x75957fff 64bit]: assigned
[    1.494306] pci 0000:00:05.1: BAR 0 [mem 0x75958000-0x7595ffff 64bit]: assigned
[    1.494313] pci 0000:00:09.0: BAR 0 [mem 0x75960000-0x75960fff 64bit]: assigned
[    1.494320] pci 0000:00:0a.0: BAR 0 [mem 0x75961000-0x75961fff 64bit]: assigned
[    1.494327] pci 0000:00:0a.0: bridge window [io  0x4000-0x4fff]: assigned
[    1.494331] pci 0000:00:0b.0: BAR 0 [mem 0x75962000-0x75962fff 64bit]: assigned
[    1.494338] pci 0000:00:0c.0: BAR 0 [mem 0x75963000-0x75963fff 64bit]: assigned
[    1.494346] pci 0000:00:0d.0: BAR 0 [mem 0x75964000-0x75964fff 64bit]: assigned
[    1.494353] pci 0000:00:0f.0: BAR 0 [mem 0x75965000-0x75965fff 64bit]: assigned
[    1.494360] pci 0000:00:10.0: BAR 0 [mem 0x75966000-0x75966fff 64bit]: assigned
[    1.494368] pci 0000:00:13.0: BAR 0 [mem 0x75967000-0x75967fff 64bit]: assigned
[    1.494376] pci 0000:00:16.0: BAR 0 [mem 0x75968000-0x75968fff 64bit]: assigned
[    1.494382] pci 0000:00:1a.0: ROM [mem 0x75969000-0x759697ff pref]: assigned
[    1.494387] pci 0000:00:08.0: BAR 5 [mem 0x75969800-0x75969bff]: assigned
[    1.494393] pci 0000:00:1a.0: BAR 0 [mem 0x75969c00-0x75969fff 64bit]: assigned
[    1.494400] pci 0000:00:06.0: BAR 0 [mem 0x7596a000-0x7596a0ff 64bit]: assigned
[    1.494413] pci 0000:00:09.0: PCI bridge to [bus 01]
[    1.494424] pci 0000:02:00.0: BAR 0 [mem 0x75000000-0x75003fff 64bit]: assigned
[    1.494445] pci 0000:02:00.0: BAR 4 [io  0x4000-0x40ff]: assigned
[    1.494454] pci 0000:00:0a.0: PCI bridge to [bus 02]
[    1.494458] pci 0000:00:0a.0:   bridge window [io  0x4000-0x4fff]
[    1.494462] pci 0000:00:0a.0:   bridge window [mem 0x75000000-0x750fffff]
[    1.494467] pci 0000:00:0b.0: PCI bridge to [bus 03]
[    1.494472] pci 0000:00:0c.0: PCI bridge to [bus 04]
[    1.494481] pci 0000:05:00.0: BAR 0 [mem 0x75100000-0x75103fff 64bit]: assigned
[    1.494491] pci 0000:00:0d.0: PCI bridge to [bus 05]
[    1.494495] pci 0000:00:0d.0:   bridge window [mem 0x75100000-0x751fffff]
[    1.494508] pci 0000:06:00.0: BAR 0 [mem 0x75200000-0x752fffff]: assigned
[    1.494515] pci 0000:06:00.1: BAR 0 [mem 0x75300000-0x753fffff]: assigned
[    1.494522] pci 0000:06:00.2: BAR 0 [mem 0x75400000-0x754fffff]: assigned
[    1.494529] pci 0000:06:00.3: BAR 0 [mem 0x75500000-0x755fffff]: assigned
[    1.494536] pci 0000:06:00.0: BAR 3 [mem 0x75600000-0x75603fff]: assigned
[    1.494542] pci 0000:06:00.0: VF BAR 0 [mem 0x75700000-0x7571ffff 64bit pref]: assigned
[    1.494551] pci 0000:06:00.0: VF BAR 3 [mem 0x75720000-0x7573ffff 64bit pref]: assigned
[    1.494558] pci 0000:06:00.1: BAR 3 [mem 0x75604000-0x75607fff]: assigned
[    1.494565] pci 0000:06:00.1: VF BAR 0 [mem 0x75740000-0x7575ffff 64bit pref]: assigned
[    1.494573] pci 0000:06:00.1: VF BAR 3 [mem 0x75760000-0x7577ffff 64bit pref]: assigned
[    1.494580] pci 0000:06:00.2: BAR 3 [mem 0x75608000-0x7560bfff]: assigned
[    1.494587] pci 0000:06:00.2: VF BAR 0 [mem 0x75780000-0x7579ffff 64bit pref]: assigned
[    1.494594] pci 0000:06:00.2: VF BAR 3 [mem 0x757a0000-0x757bffff 64bit pref]: assigned
[    1.494602] pci 0000:06:00.3: BAR 3 [mem 0x7560c000-0x7560ffff]: assigned
[    1.494609] pci 0000:06:00.3: VF BAR 0 [mem 0x757c0000-0x757dffff 64bit pref]: assigned
[    1.494617] pci 0000:06:00.3: VF BAR 3 [mem 0x757e0000-0x757fffff 64bit pref]: assigned
[    1.494628] pci 0000:00:0f.0: PCI bridge to [bus 06-07]
[    1.494632] pci 0000:00:0f.0:   bridge window [mem 0x75200000-0x756fffff]
[    1.494635] pci 0000:00:0f.0:   bridge window [mem 0x75700000-0x757fffff 64bit pref]
[    1.494639] pci 0000:00:10.0: PCI bridge to [bus 08]
[    1.494645] pci 0000:00:13.0: PCI bridge to [bus 09]
[    1.494651] pci_bus 0000:00: resource 4 [io  0x0000-0x7fff]
[    1.494654] pci_bus 0000:00: resource 5 [mem 0x60000000-0x7fffffff]
[    1.494657] pci_bus 0000:02: resource 0 [io  0x4000-0x4fff]
[    1.494659] pci_bus 0000:02: resource 1 [mem 0x75000000-0x750fffff]
[    1.494661] pci_bus 0000:05: resource 1 [mem 0x75100000-0x751fffff]
[    1.494663] pci_bus 0000:06: resource 1 [mem 0x75200000-0x756fffff]
[    1.494665] pci_bus 0000:06: resource 2 [mem 0x75700000-0x757fffff 64bit pref]
[    1.495064] eiointc: wheatfox: eiointc_set_irq_affinity, cpu=0, nr_cpu_ids=1
[    1.495067] eiointc: wheatfox: eiointc_set_irq_affinity, !EIOINTC_USE_CPU_ENCODE -> ANY_SEND, regaddr=1608, vector=40, priv->node=0, priv->node_map=1
[    1.495366] pcieport 0000:00:09.0: PME: Signaling with IRQ 21
[    1.495540] pcieport 0000:00:09.0: AER: enabled with IRQ 21
[    1.495982] eiointc: wheatfox: eiointc_set_irq_affinity, cpu=0, nr_cpu_ids=1
[    1.495985] eiointc: wheatfox: eiointc_set_irq_affinity, !EIOINTC_USE_CPU_ENCODE -> ANY_SEND, regaddr=1608, vector=41, priv->node=0, priv->node_map=1
[    1.496282] pcieport 0000:00:0a.0: PME: Signaling with IRQ 23
[    1.496451] pcieport 0000:00:0a.0: AER: enabled with IRQ 23
[    1.496897] eiointc: wheatfox: eiointc_set_irq_affinity, cpu=0, nr_cpu_ids=1
[    1.496900] eiointc: wheatfox: eiointc_set_irq_affinity, !EIOINTC_USE_CPU_ENCODE -> ANY_SEND, regaddr=1608, vector=42, priv->node=0, priv->node_map=1
[    1.497195] pcieport 0000:00:0b.0: PME: Signaling with IRQ 25
[    1.497363] pcieport 0000:00:0b.0: AER: enabled with IRQ 25
[    1.497805] eiointc: wheatfox: eiointc_set_irq_affinity, cpu=0, nr_cpu_ids=1
[    1.497809] eiointc: wheatfox: eiointc_set_irq_affinity, !EIOINTC_USE_CPU_ENCODE -> ANY_SEND, regaddr=1608, vector=43, priv->node=0, priv->node_map=1
[    1.498104] pcieport 0000:00:0c.0: PME: Signaling with IRQ 27
[    1.498280] pcieport 0000:00:0c.0: AER: enabled with IRQ 27
[    1.498726] eiointc: wheatfox: eiointc_set_irq_affinity, cpu=0, nr_cpu_ids=1
[    1.498730] eiointc: wheatfox: eiointc_set_irq_affinity, !EIOINTC_USE_CPU_ENCODE -> ANY_SEND, regaddr=1608, vector=44, priv->node=0, priv->node_map=1
[    1.499073] pcieport 0000:00:0d.0: PME: Signaling with IRQ 29
[    1.499237] pcieport 0000:00:0d.0: AER: enabled with IRQ 29
[    1.499669] eiointc: wheatfox: eiointc_set_irq_affinity, cpu=0, nr_cpu_ids=1
[    1.499672] eiointc: wheatfox: eiointc_set_irq_affinity, !EIOINTC_USE_CPU_ENCODE -> ANY_SEND, regaddr=1608, vector=45, priv->node=0, priv->node_map=1
[    1.499964] pcieport 0000:00:0f.0: PME: Signaling with IRQ 31
[    1.500141] pcieport 0000:00:0f.0: AER: enabled with IRQ 31
[    1.500593] eiointc: wheatfox: eiointc_set_irq_affinity, cpu=0, nr_cpu_ids=1
[    1.500596] eiointc: wheatfox: eiointc_set_irq_affinity, !EIOINTC_USE_CPU_ENCODE -> ANY_SEND, regaddr=1608, vector=46, priv->node=0, priv->node_map=1
[    1.500892] pcieport 0000:00:10.0: PME: Signaling with IRQ 33
[    1.501066] pcieport 0000:00:10.0: AER: enabled with IRQ 33
[    1.501511] eiointc: wheatfox: eiointc_set_irq_affinity, cpu=0, nr_cpu_ids=1
[    1.501514] eiointc: wheatfox: eiointc_set_irq_affinity, !EIOINTC_USE_CPU_ENCODE -> ANY_SEND, regaddr=1608, vector=47, priv->node=0, priv->node_map=1
[    1.501807] pcieport 0000:00:13.0: PME: Signaling with IRQ 35
[    1.501981] pcieport 0000:00:13.0: AER: enabled with IRQ 35
[    1.507406] Serial: 8250/16550 driver, 16 ports, IRQ sharing enabled
[    1.510875] of_serial 10080000.serial: error -ENXIO: IRQ index 0 not found
[    1.511013] printk: legacy console [ttyS0] disabled
[    1.511251] 10080000.serial: ttyS0 at MMIO 0x10080000 (irq = 0, base_baud = 3125000) is a 16550A
[    1.511282] printk: legacy console [ttyS0] enabled
[    1.973285] loongson 0000:00:06.1: Found LS7A2000 bridge chipset, revision: 2
[    1.973347] loongson 0000:00:06.1: [drm] dc: 400MHz, gmc: 1200MHz, gpu: 480MHz
[    1.973358] loongson 0000:00:06.1: [drm] Dedicated vram start: 0x60000000, size: 256MiB
[    2.008846] loongson 0000:00:06.1: [drm] VRAM: 65536 pages ready
[    2.008851] loongson 0000:00:06.1: [drm] GTT: 131072 pages ready
[    2.008944] loongson 0000:00:06.1: [drm] lsdc-i2c0(sda pin mask=1, scl pin mask=2) created
[    2.009000] loongson 0000:00:06.1: [drm] lsdc-i2c1(sda pin mask=4, scl pin mask=8) created
[    2.009013] loongson 0000:00:06.1: [drm] display pipe-0 has HDMI and/or VGA
[    2.009021] loongson 0000:00:06.1: [drm] display pipe-1 has HDMI 
[    2.009043] loongson 0000:00:06.1: [drm] Total 2 outputs
[    4.019945] eiointc: wheatfox: eiointc_set_irq_affinity, cpu=0, nr_cpu_ids=1
[    4.019948] eiointc: wheatfox: eiointc_set_irq_affinity, !EIOINTC_USE_CPU_ENCODE -> ANY_SEND, regaddr=1600, vector=8, priv->node=0, priv->node_map=1
[    4.020239] loongson 0000:00:06.1: [drm] registered irq: 37
[    4.020848] [drm] Initialized loongson 1.0.0 for 0000:00:06.1 on minor 0
[    4.228810] random: crng init done
[    4.318955] ------------[ cut here ]------------
[    4.318957] [CRTC:45:LS-CRTC-1] vblank wait timed out
[    4.318977] WARNING: CPU: 0 PID: 1 at drivers/gpu/drm/drm_atomic_helper.c:1682 drm_atomic_helper_wait_for_vblanks.part.0+0x230/0x25c
[    4.318991] Modules linked in:
[    4.318995] CPU: 0 UID: 0 PID: 1 Comm: swapper/0 Not tainted 6.13.7 #210
[    4.319000] pc 9000000000aba9f4 ra 9000000000aba9f4 tp 9000000006888000 sp 900000000688b540
[    4.319003] a0 0000000000000029 a1 9000000001ed0f80 a2 900000000688b2c8 a3 9000000001ed0f88
[    4.319006] a4 9000000001ed0f80 a5 900000000688b2c0 a6 0000000000000001 a7 0000000000000001
[    4.319007] t0 bae52e1008342801 t1 bae52e1008342801 t2 0000000000000000 t3 80000000ffffe17f
[    4.319009] t4 00000000ffffe17f t5 0000000000000181 t6 000000000000002f t7 0000000000000063
[    4.319011] t8 000000000000002d u0 9000000001c65fe8 s9 0000000000000b70 s0 0000000000000038
[    4.319013] s1 0000000000000002 s2 9000000006ee0000 s3 9000000006ee2ef0 s4 0000000000000038
[    4.319015] s5 0000000000000001 s6 0000000000000001 s7 90000000069a9000 s8 0000000000000000
[    4.319016]    ra: 9000000000aba9f4 drm_atomic_helper_wait_for_vblanks.part.0+0x230/0x25c
[    4.319022]   ERA: 9000000000aba9f4 drm_atomic_helper_wait_for_vblanks.part.0+0x230/0x25c
[    4.319026]  CRMD: 000000b0 (PLV0 -IE -DA +PG DACF=CC DACM=CC -WE)
[    4.319032]  PRMD: 00000004 (PPLV0 +PIE -PWE)
[    4.319036]  EUEN: 00000000 (-FPE -SXE -ASXE -BTE)
[    4.319040]  ECFG: 00071c1d (LIE=0,2-4,10-12 VS=7)
[    4.319044] ESTAT: 000c0000 [BRK] (IS= ECode=12 EsubCode=0)
[    4.319138]  PRID: 0014d000 (Loongson-64bit, Loongson3)
[    4.319143] CPU: 0 UID: 0 PID: 1 Comm: swapper/0 Not tainted 6.13.7 #210
[    4.319146] Stack : 9000000001cbafa0 0000000000000000 900000000023d3fc 9000000006888000
[    4.319151]         900000000688b190 900000000688b198 0000000000000000 900000000688b2d8
[    4.319155]         900000000688b2d0 900000000688b2d0 900000000688b040 0000000000000001
[    4.319159]         0000000000000001 900000000688b198 bae52e1008342801 9000000006908000
[    4.319163]         80000000ffffe193 00000000ffffe193 0000000000000195 0000000000000020
[    4.319167]         0000000000000063 000000000000000c 000000000493b000 0000000000000b70
[    4.319171]         0000000000000000 0000000000000000 9000000001c334a0 9000000001dec000
[    4.319175]         0000000000000000 0000000000000692 0000000000000001 90000000069a9000
[    4.319178]         0000000000000000 0000000000000000 900000000023d414 00000001200aff44
[    4.319182]         00000000000000b0 0000000000000004 0000000000000000 0000000000071c1d
[    4.319186]         ...
[    4.319187] Call Trace:
[    4.319189] [<900000000023d414>] show_stack+0x5c/0x180
[    4.319197] [<90000000002390dc>] dump_stack_lvl+0x70/0xa0
[    4.319201] [<9000000000258304>] __warn+0x84/0xfc
[    4.319205] [<9000000000e59838>] report_bug+0x19c/0x204
[    4.319211] [<9000000000e8b17c>] do_bp+0x264/0x2b4
[    4.319218] [<0000000000000000>] 0x0
[    4.319220] [<9000000000aba9f4>] drm_atomic_helper_wait_for_vblanks.part.0+0x230/0x25c
[    4.319225] [<9000000000abb83c>] drm_atomic_helper_commit_tail+0x88/0xa4
[    4.319230] [<9000000000abc8d8>] commit_tail+0xac/0x190
[    4.319234] [<9000000000abcb28>] drm_atomic_helper_commit+0x164/0x190
[    4.319238] [<9000000000a7b628>] drm_atomic_commit+0x8c/0xc4
[    4.319242] [<9000000000aafcc4>] drm_client_modeset_commit_atomic+0x23c/0x280
[    4.319245] [<9000000000aaff68>] drm_client_modeset_commit_locked+0x6c/0x17c
[    4.319248] [<9000000000ab00a4>] drm_client_modeset_commit+0x2c/0x58
[    4.319251] [<9000000000ac8d3c>] __drm_fb_helper_restore_fbdev_mode_unlocked+0xb0/0xf8
[    4.319256] [<9000000000ac8db0>] drm_fb_helper_set_par+0x2c/0x48
[    4.319260] [<900000000099e25c>] fbcon_init+0x260/0x58c
[    4.319265] [<9000000000a4ae90>] visual_init+0xb4/0x118
[    4.319270] [<9000000000a4d90c>] do_bind_con_driver.isra.0+0x210/0x454
[    4.319274] [<9000000000a4dc98>] do_take_over_console+0x148/0x1f8
[    4.319277] [<900000000099b26c>] do_fbcon_takeover+0x60/0xd0
[    4.319282] [<900000000099f9e8>] fbcon_fb_registered+0x12c/0x18c
[    4.319285] [<90000000009935f0>] do_register_framebuffer+0x1e0/0x288
[    4.319289] [<90000000009936c4>] register_framebuffer+0x2c/0x54
[    4.319292] [<9000000000ac71d4>] __drm_fb_helper_initial_config_and_unlock+0x350/0x580
[    4.319297] [<9000000000ac92c8>] drm_fbdev_client_hotplug+0x80/0xd8
[    4.319302] [<9000000000aaeafc>] drm_client_register+0x5c/0xa0
[    4.319305] [<9000000000ac9420>] drm_fbdev_client_setup+0xa4/0x190
[    4.319309] [<9000000000ac90d4>] drm_client_setup+0x14/0x50
[    4.319313] [<9000000000ae35a8>] lsdc_pci_probe+0x464/0x584
[    4.319317] [<9000000000964998>] pci_device_probe+0xbc/0x160
[    4.319323] [<9000000000af7044>] really_probe+0xac/0x2dc
[    4.319328] [<9000000000af7300>] __driver_probe_device+0x8c/0x128
[    4.319332] [<9000000000af7494>] driver_probe_device+0x3c/0x118
[    4.319337] [<9000000000af7764>] __driver_attach+0x98/0x194
[    4.319341] [<9000000000af4d08>] bus_for_each_dev+0x88/0xe8
[    4.319345] [<9000000000af615c>] bus_add_driver+0xf4/0x208
[    4.319348] [<9000000000af851c>] driver_register+0x68/0x134
[    4.319352] [<900000000023a154>] do_one_initcall+0x78/0x1cc
[    4.319356] [<9000000000ea0f9c>] kernel_init_freeable+0x1c8/0x238
[    4.319362] [<9000000000e8c244>] kernel_init+0x1c/0x108
[    4.319366] [<900000000023b2a8>] ret_from_kernel_thread+0xc/0xa4
[    4.319370] 
[    4.319371] ---[ end trace 0000000000000000 ]---
[   14.428963] loongson 0000:00:06.1: [drm] *ERROR* flip_done timed out
[   14.428967] loongson 0000:00:06.1: [drm] *ERROR* [CRTC:45:LS-CRTC-1] commit wait timed out
[   24.668957] loongson 0000:00:06.1: [drm] *ERROR* flip_done timed out
[   24.668960] loongson 0000:00:06.1: [drm] *ERROR* [CONNECTOR:35:HDMI-A-2] commit wait timed out
[   34.908955] loongson 0000:00:0
